Archive member included to satisfy reference by file (symbol)

C:/ST/STM32CubeIDE_1.18.0/STM32CubeIDE/plugins/com.st.stm32cube.ide.mcu.externaltools.gnu-tools-for-stm32.13.3.rel1.win32_1.0.100.202509120712/tools/bin/../lib/gcc/arm-none-eabi/13.3.1/../../../../arm-none-eabi/lib/thumb/v7e-m+dp/hard\libc_nano.a(libc_a-exit.o)
                              C:/ST/STM32CubeIDE_1.18.0/STM32CubeIDE/plugins/com.st.stm32cube.ide.mcu.externaltools.gnu-tools-for-stm32.13.3.rel1.win32_1.0.100.202509120712/tools/bin/../lib/gcc/arm-none-eabi/13.3.1/../../../../arm-none-eabi/lib/thumb/v7e-m+dp/hard/crt0.o (exit)
C:/ST/STM32CubeIDE_1.18.0/STM32CubeIDE/plugins/com.st.stm32cube.ide.mcu.externaltools.gnu-tools-for-stm32.13.3.rel1.win32_1.0.100.202509120712/tools/bin/../lib/gcc/arm-none-eabi/13.3.1/../../../../arm-none-eabi/lib/thumb/v7e-m+dp/hard\libc_nano.a(libc_a-findfp.o)
                              C:/ST/STM32CubeIDE_1.18.0/STM32CubeIDE/plugins/com.st.stm32cube.ide.mcu.externaltools.gnu-tools-for-stm32.13.3.rel1.win32_1.0.100.202509120712/tools/bin/../lib/gcc/arm-none-eabi/13.3.1/../../../../arm-none-eabi/lib/thumb/v7e-m+dp/hard\libc_nano.a(libc_a-exit.o) (__stdio_exit_handler)
C:/ST/STM32CubeIDE_1.18.0/STM32CubeIDE/plugins/com.st.stm32cube.ide.mcu.externaltools.gnu-tools-for-stm32.13.3.rel1.win32_1.0.100.202509120712/tools/bin/../lib/gcc/arm-none-eabi/13.3.1/../../../../arm-none-eabi/lib/thumb/v7e-m+dp/hard\libc_nano.a(libc_a-fwalk.o)
                              C:/ST/STM32CubeIDE_1.18.0/STM32CubeIDE/plugins/com.st.stm32cube.ide.mcu.externaltools.gnu-tools-for-stm32.13.3.rel1.win32_1.0.100.202509120712/tools/bin/../lib/gcc/arm-none-eabi/13.3.1/../../../../arm-none-eabi/lib/thumb/v7e-m+dp/hard\libc_nano.a(libc_a-findfp.o) (_fwalk_sglue)
C:/ST/STM32CubeIDE_1.18.0/STM32CubeIDE/plugins/com.st.stm32cube.ide.mcu.externaltools.gnu-tools-for-stm32.13.3.rel1.win32_1.0.100.202509120712/tools/bin/../lib/gcc/arm-none-eabi/13.3.1/../../../../arm-none-eabi/lib/thumb/v7e-m+dp/hard\libc_nano.a(libc_a-snprintf.o)
                              ./Core/Src/drivers/adcs.o (snprintf)
C:/ST/STM32CubeIDE_1.18.0/STM32CubeIDE/plugins/com.st.stm32cube.ide.mcu.externaltools.gnu-tools-for-stm32.13.3.rel1.win32_1.0.100.202509120712/tools/bin/../lib/gcc/arm-none-eabi/13.3.1/../../../../arm-none-eabi/lib/thumb/v7e-m+dp/hard\libc_nano.a(libc_a-stdio.o)
                              C:/ST/STM32CubeIDE_1.18.0/STM32CubeIDE/plugins/com.st.stm32cube.ide.mcu.externaltools.gnu-tools-for-stm32.13.3.rel1.win32_1.0.100.202509120712/tools/bin/../lib/gcc/arm-none-eabi/13.3.1/../../../../arm-none-eabi/lib/thumb/v7e-m+dp/hard\libc_nano.a(libc_a-findfp.o) (__sread)
C:/ST/STM32CubeIDE_1.18.0/STM32CubeIDE/plugins/com.st.stm32cube.ide.mcu.externaltools.gnu-tools-for-stm32.13.3.rel1.win32_1.0.100.202509120712/tools/bin/../lib/gcc/arm-none-eabi/13.3.1/../../../../arm-none-eabi/lib/thumb/v7e-m+dp/hard\libc_nano.a(libc_a-memset.o)
                              C:/ST/STM32CubeIDE_1.18.0/STM32CubeIDE/plugins/com.st.stm32cube.ide.mcu.externaltools.gnu-tools-for-stm32.13.3.rel1.win32_1.0.100.202509120712/tools/bin/../lib/gcc/arm-none-eabi/13.3.1/../../../../arm-none-eabi/lib/thumb/v7e-m+dp/hard/crt0.o (memset)
C:/ST/STM32CubeIDE_1.18.0/STM32CubeIDE/plugins/com.st.stm32cube.ide.mcu.externaltools.gnu-tools-for-stm32.13.3.rel1.win32_1.0.100.202509120712/tools/bin/../lib/gcc/arm-none-eabi/13.3.1/../../../../arm-none-eabi/lib/thumb/v7e-m+dp/hard\libc_nano.a(libc_a-closer.o)
                              C:/ST/STM32CubeIDE_1.18.0/STM32CubeIDE/plugins/com.st.stm32cube.ide.mcu.externaltools.gnu-tools-for-stm32.13.3.rel1.win32_1.0.100.202509120712/tools/bin/../lib/gcc/arm-none-eabi/13.3.1/../../../../arm-none-eabi/lib/thumb/v7e-m+dp/hard\libc_nano.a(libc_a-stdio.o) (_close_r)
C:/ST/STM32CubeIDE_1.18.0/STM32CubeIDE/plugins/com.st.stm32cube.ide.mcu.externaltools.gnu-tools-for-stm32.13.3.rel1.win32_1.0.100.202509120712/tools/bin/../lib/gcc/arm-none-eabi/13.3.1/../../../../arm-none-eabi/lib/thumb/v7e-m+dp/hard\libc_nano.a(libc_a-reent.o)
                              C:/ST/STM32CubeIDE_1.18.0/STM32CubeIDE/plugins/com.st.stm32cube.ide.mcu.externaltools.gnu-tools-for-stm32.13.3.rel1.win32_1.0.100.202509120712/tools/bin/../lib/gcc/arm-none-eabi/13.3.1/../../../../arm-none-eabi/lib/thumb/v7e-m+dp/hard\libc_nano.a(libc_a-closer.o) (errno)
C:/ST/STM32CubeIDE_1.18.0/STM32CubeIDE/plugins/com.st.stm32cube.ide.mcu.externaltools.gnu-tools-for-stm32.13.3.rel1.win32_1.0.100.202509120712/tools/bin/../lib/gcc/arm-none-eabi/13.3.1/../../../../arm-none-eabi/lib/thumb/v7e-m+dp/hard\libc_nano.a(libc_a-impure.o)
                              C:/ST/STM32CubeIDE_1.18.0/STM32CubeIDE/plugins/com.st.stm32cube.ide.mcu.externaltools.gnu-tools-for-stm32.13.3.rel1.win32_1.0.100.202509120712/tools/bin/../lib/gcc/arm-none-eabi/13.3.1/../../../../arm-none-eabi/lib/thumb/v7e-m+dp/hard\libc_nano.a(libc_a-snprintf.o) (_impure_ptr)
[...]
Memory Configuration

Name             Origin             Length             Attributes
FLASH            0x08000000         0x00200000         xr
DTCMRAM          0x20000000         0x00020000         xrw
RAM_D1           0x24000000         0x00080000         xrw
RAM_D2           0x30000000         0x00048000         xrw
RAM_D3           0x38000000         0x00010000         xrw
ITCMRAM          0x00000000         0x00010000         xrw
*default*        0x00000000         0xffffffff

Linker script and memory map

LOAD C:/ST/STM32CubeIDE_1.18.0/STM32CubeIDE/plugins/com.st.stm32cube.ide.mcu.externaltools.gnu-tools-for-stm32.13.3.rel1.win32_1.0.100.202509120712/tools/bin/../lib/gcc/arm-none-eabi/13.3.1/thumb/v7e-m+dp/hard/crti.o
LOAD C:/ST/STM32CubeIDE_1.18.0/STM32CubeIDE/plugins/com.st.stm32cube.ide.mcu.externaltools.gnu-tools-for-stm32.13.3.rel1.win32_1.0.100.202509120712/tools/bin/../lib/gcc/arm-none-eabi/13.3.1/thumb/v7e-m+dp/hard/crtbegin.o
LOAD C:/ST/STM32CubeIDE_1.18.0/STM32CubeIDE/plugins/com.st.stm32cube.ide.mcu.externaltools.gnu-tools-for-stm32.13.3.rel1.win32_1.0.100.202509120712/tools/bin/../lib/gcc/arm-none-eabi/13.3.1/../../../../arm-none-eabi/lib/thumb/v7e-m+dp/hard/crt0.o
LOAD ./Core/Src/SolarTracker.o
LOAD ./Core/Src/adc.o
LOAD ./Core/Src/fdcan.o
LOAD ./Core/Src/gpio.o
LOAD ./Core/Src/i2c.o
LOAD ./Core/Src/main.o
LOAD ./Core/Src/quadspi.o
LOAD ./Core/Src/spi.o
LOAD ./Core/Src/stm32h7xx_hal_msp.o
LOAD ./Core/Src/stm32h7xx_it.o
LOAD ./Core/Src/syscalls.o
LOAD ./Core/Src/sysmem.o
LOAD ./Core/Src/system_stm32h7xx.o
LOAD ./Core/Src/usart.o
LOAD ./Core/Src/drivers/BMI088.o
LOAD ./Core/Src/drivers/adcs.o
LOAD ./Core/Src/drivers/can_driver.o
LOAD ./Core/Src/drivers/can_protocol.o
LOAD ./Core/Src/drivers/uart_protocol.o
LOAD ./Core/Src/utils/antena.o
LOAD ./Core/Startup/startup_stm32h743iitx.o
LOAD ./Drivers/STM32H7xx_HAL_Driver/Src/stm32h7xx_hal.o
LOAD ./Drivers/STM32H7xx_HAL_Driver/Src/stm32h7xx_hal_adc.o
LOAD ./Drivers/STM32H7xx_HAL_Driver/Src/stm32h7xx_hal_adc_ex.o
LOAD ./Drivers/STM32H7xx_HAL_Driver/Src/stm32h7xx_hal_cortex.o
LOAD ./Drivers/STM32H7xx_HAL_Driver/Src/stm32h7xx_hal_dma.o
LOAD ./Drivers/STM32H7xx_HAL_Driver/Src/stm32h7xx_hal_dma_ex.o
LOAD ./Drivers/STM32H7xx_HAL_Driver/Src/stm32h7xx_hal_exti.o
LOAD ./Drivers/STM32H7xx_HAL_Driver/Src/stm32h7xx_hal_fdcan.o
LOAD ./Drivers/STM32H7xx_HAL_Driver/Src/stm32h7xx_hal_flash.o
LOAD ./Drivers/STM32H7xx_HAL_Driver/Src/stm32h7xx_hal_flash_ex.o
LOAD ./Drivers/STM32H7xx_HAL_Driver/Src/stm32h7xx_hal_gpio.o
LOAD ./Drivers/STM32H7xx_HAL_Driver/Src/stm32h7xx_hal_hsem.o
LOAD ./Drivers/STM32H7xx_HAL_Driver/Src/stm32h7xx_hal_i2c.o
LOAD ./Drivers/STM32H7xx_HAL_Driver/Src/stm32h7xx_hal_i2c_ex.o
LOAD ./Drivers/STM32H7xx_HAL_Driver/Src/stm32h7xx_hal_mdma.o
LOAD ./Drivers/STM32H7xx_HAL_Driver/Src/stm32h7xx_hal_pwr.o
LOAD ./Drivers/STM32H7xx_HAL_Driver/Src/stm32h7xx_hal_pwr_ex.o
LOAD ./Drivers/STM32H7xx_HAL_Driver/Src/stm32h7xx_hal_qspi.o
LOAD ./Drivers/STM32H7xx_HAL_Driver/Src/stm32h7xx_hal_rcc.o
LOAD ./Drivers/STM32H7xx_HAL_Driver/Src/stm32h7xx_hal_rcc_ex.o
LOAD ./Drivers/STM32H7xx_HAL_Driver/Src/stm32h7xx_hal_spi.o
LOAD ./Drivers/STM32H7xx_HAL_Driver/Src/stm32h7xx_hal_spi_ex.o
LOAD ./Drivers/STM32H7xx_HAL_Driver/Src/stm32h7xx_hal_tim.o
LOAD ./Drivers/STM32H7xx_HAL_Driver/Src/stm32h7xx_hal_tim_ex.o
LOAD ./Drivers/STM32H7xx_HAL_Driver/Src/stm32h7xx_hal_uart.o
LOAD ./Drivers/STM32H7xx_HAL_Driver/Src/stm32h7xx_hal_uart_ex.o
LOAD ./Drivers/STM32H7xx_HAL_Driver/Src/stm32h7xx_ll_delayblock.o
START GROUP
LOAD C:/ST/STM32CubeIDE_1.18.0/STM32CubeIDE/plugins/com.st.stm32cube.ide.mcu.externaltools.gnu-tools-for-stm32.13.3.rel1.win32_1.0.100.202509120712/tools/bin/../lib/gcc/arm-none-eabi/13.3.1/../../../../arm-none-eabi/lib/thumb/v7e-m+dp/hard\libc_nano.a
LOAD C:/ST/STM32CubeIDE_1.18.0/STM32CubeIDE/plugins/com.st.stm32cube.ide.mcu.externaltools.gnu-tools-for-stm32.13.3.rel1.win32_1.0.100.202509120712/tools/bin/../lib/gcc/arm-none-eabi/13.3.1/../../../../arm-none-eabi/lib/thumb/v7e-m+dp/hard\libm.a
END GROUP
START GROUP
LOAD C:/ST/STM32CubeIDE_1.18.0/STM32CubeIDE/plugins/com.st.stm32cube.ide.mcu.externaltools.gnu-tools-for-stm32.13.3.rel1.win32_1.0.100.202509120712/tools/bin/../lib/gcc/arm-none-eabi/13.3.1/thumb/v7e-m+dp/hard\libgcc.a
LOAD C:/ST/STM32CubeIDE_1.18.0/STM32CubeIDE/plugins/com.st.stm32cube.ide.mcu.externaltools.gnu-tools-for-stm32.13.3.rel1.win32_1.0.100.202509120712/tools/bin/../lib/gcc/arm-none-eabi/13.3.1/../../../../arm-none-eabi/lib/thumb/v7e-m+dp/hard\libc_nano.a
END GROUP
START GROUP
LOAD C:/ST/STM32CubeIDE_1.18.0/STM32CubeIDE/plugins/com.st.stm32cube.ide.mcu.externaltools.gnu-tools-for-stm32.13.3.rel1.win32_1.0.100.202509120712/tools/bin/../lib/gcc/arm-none-eabi/13.3.1/thumb/v7e-m+dp/hard\libgcc.a
LOAD C:/ST/STM32CubeIDE_1.18.0/STM32CubeIDE/plugins/com.st.stm32cube.ide.mcu.externaltools.gnu-tools-for-stm32.13.3.rel1.win32_1.0.100.202509120712/tools/bin/../lib/gcc/arm-none-eabi/13.3.1/../../../../arm-none-eabi/lib/thumb/v7e-m+dp/hard\libc_nano.a
LOAD C:/ST/STM32CubeIDE_1.18.0/STM32CubeIDE/plugins/com.st.stm32cube.ide.mcu.externaltools.gnu-tools-for-stm32.13.3.rel1.win32_1.0.100.202509120712/tools/bin/../lib/gcc/arm-none-eabi/13.3.1/../../../../arm-none-eabi/lib/thumb/v7e-m+dp/hard\libnosys.a
END GROUP
START GROUP
LOAD C:/ST/STM32CubeIDE_1.18.0/STM32CubeIDE/plugins/com.st.stm32cube.ide.mcu.externaltools.gnu-tools-for-stm32.13.3.rel1.win32_1.0.100.202509120712/tools/bin/../lib/gcc/arm-none-eabi/13.3.1/thumb/v7e-m+dp/hard\libgcc.a
LOAD C:/ST/STM32CubeIDE_1.18.0/STM32CubeIDE/plugins/com.st.stm32cube.ide.mcu.externaltools.gnu-tools-for-stm32.13.3.rel1.win32_1.0.100.202509120712/tools/bin/../lib/gcc/arm-none-eabi/13.3.1/../../../../arm-none-eabi/lib/thumb/v7e-m+dp/hard\libc_nano.a
LOAD C:/ST/STM32CubeIDE_1.18.0/STM32CubeIDE/plugins/com.st.stm32cube.ide.mcu.externaltools.gnu-tools-for-stm32.13.3.rel1.win32_1.0.100.202509120712/tools/bin/../lib/gcc/arm-none-eabi/13.3.1/../../../../arm-none-eabi/lib/thumb/v7e-m+dp/hard\libnosys.a
END GROUP
LOAD C:/ST/STM32CubeIDE_1.18.0/STM32CubeIDE/plugins/com.st.stm32cube.ide.mcu.externaltools.gnu-tools-for-stm32.13.3.rel1.win32_1.0.100.202509120712/tools/bin/../lib/gcc/arm-none-eabi/13.3.1/thumb/v7e-m+dp/hard/crtend.o
LOAD C:/ST/STM32CubeIDE_1.18.0/STM32CubeIDE/plugins/com.st.stm32cube.ide.mcu.externaltools.gnu-tools-for-stm32.13.3.rel1.win32_1.0.100.202509120712/tools/bin/../lib/gcc/arm-none-eabi/13.3.1/thumb/v7e-m+dp/hard/crtn.o
                0x24080000                        _estack = (ORIGIN (RAM_D1) + LENGTH (RAM_D1))
                0x00000200                        _Min_Heap_Size = 0x200
                0x00000400                        _Min_Stack_Size = 0x400

.isr_vector     0x08000000      0x298
                0x08000000                        . = ALIGN (0x4)
 *(.isr_vector)
 .isr_vector    0x08000000      0x298 ./Core/Startup/startup_stm32h743iitx.o
                0x08000000                g_pfnVectors
                0x08000298                        . = ALIGN (0x4)

.text           0x080002a0     0xc314
                0x080002a0                        . = ALIGN (0x4)
 *(.text)
 .text          0x080002a0       0x40 C:/ST/STM32CubeIDE_1.18.0/STM32CubeIDE/plugins/com.st.stm32cube.ide.mcu.externaltools.gnu-tools-for-stm32.13.3.rel1.win32_1.0.100.202509120712/tools/bin/../lib/gcc/arm-none-eabi/13.3.1/thumb/v7e-m+dp/hard/crtbegin.o
 .text          0x080002e0       0x10 C:/ST/STM32CubeIDE_1.18.0/STM32CubeIDE/plugins/com.st.stm32cube.ide.mcu.externaltools.gnu-tools-for-stm32.13.3.rel1.win32_1.0.100.202509120712/tools/bin/../lib/gcc/arm-none-eabi/13.3.1/../../../../arm-none-eabi/lib/thumb/v7e-m+dp/hard\libc_nano.a(libc_a-strlen.o)
                0x080002e0                strlen
 .text          0x080002f0       0xa0 C:/ST/STM32CubeIDE_1.18.0/STM32CubeIDE/plugins/com.st.stm32cube.ide.mcu.externaltools.gnu-tools-for-stm32.13.3.rel1.win32_1.0.100.202509120712/tools/bin/../lib/gcc/arm-none-eabi/13.3.1/../../../../arm-none-eabi/lib/thumb/v7e-m+dp/hard\libc_nano.a(libc_a-memchr.o)
                0x080002f0                memchr
 .text          0x08000390       0x30 C:/ST/STM32CubeIDE_1.18.0/STM32CubeIDE/plugins/com.st.stm32cube.ide.mcu.externaltools.gnu-tools-for-stm32.13.3.rel1.win32_1.0.100.202509120712/tools/bin/../lib/gcc/arm-none-eabi/13.3.1/thumb/v7e-m+dp/hard\libgcc.a(_aeabi_uldivmod.o)
                0x08000390                __aeabi_uldivmod
 .text          0x080003c0      0x2f8 C:/ST/STM32CubeIDE_1.18.0/STM32CubeIDE/plugins/com.st.stm32cube.ide.mcu.externaltools.gnu-tools-for-stm32.13.3.rel1.win32_1.0.100.202509120712/tools/bin/../lib/gcc/arm-none-eabi/13.3.1/thumb/v7e-m+dp/hard\libgcc.a(_udivmoddi4.o)
                0x080003c0                __udivmoddi4
 .text          0x080006b8        0x4 C:/ST/STM32CubeIDE_1.18.0/STM32CubeIDE/plugins/com.st.stm32cube.ide.mcu.externaltools.gnu-tools-for-stm32.13.3.rel1.win32_1.0.100.202509120712/tools/bin/../lib/gcc/arm-none-eabi/13.3.1/thumb/v7e-m+dp/hard\libgcc.a(_dvmd_tls.o)
                0x080006b8                __aeabi_idiv0
                0x080006b8                __aeabi_ldiv0
 *(.text*)
 .text.Solar_Init
                0x080006bc       0x5c ./Core/Src/SolarTracker.o
                0x080006bc                Solar_Init
 .text.MX_ADC1_Init
                0x08000718       0xf8 ./Core/Src/adc.o
                0x08000718                MX_ADC1_Init
 .text.MX_ADC2_Init
                0x08000810       0xd4 ./Core/Src/adc.o
                0x08000810                MX_ADC2_Init
 .text.MX_ADC3_Init
                0x080008e4       0xd4 ./Core/Src/adc.o
                0x080008e4                MX_ADC3_Init
 .text.HAL_ADC_MspInit
                0x080009b8      0x244 ./Core/Src/adc.o
                0x080009b8                HAL_ADC_MspInit
 .text.MX_FDCAN1_Init
                0x08000bfc      0x100 ./Core/Src/fdcan.o
                0x08000bfc                MX_FDCAN1_Init
 .text.HAL_FDCAN_MspInit
                0x08000cfc      0x134 ./Core/Src/fdcan.o
                0x08000cfc                HAL_FDCAN_MspInit
 .text.MX_GPIO_Init
                0x08000e30      0x340 ./Core/Src/gpio.o
                0x08000e30                MX_GPIO_Init
 .text.MX_I2C1_Init
                0x08001170       0x80 ./Core/Src/i2c.o
                0x08001170                MX_I2C1_Init
 .text.MX_I2C3_Init
                0x080011f0       0x80 ./Core/Src/i2c.o
                0x080011f0                MX_I2C3_Init
 .text.HAL_I2C_MspInit
                0x08001270      0x174 ./Core/Src/i2c.o
                0x08001270                HAL_I2C_MspInit
 .text.main     0x080013e4      0x1a8 ./Core/Src/main.o
                0x080013e4                main
 .text.SystemClock_Config
                0x0800158c      0x104 ./Core/Src/main.o
                0x0800158c                SystemClock_Config
 .text.PeriphCommonClock_Config
                0x08001690       0x60 ./Core/Src/main.o
                0x08001690                PeriphCommonClock_Config
 .text.Error_Handler
                0x080016f0        0xc ./Core/Src/main.o
                0x080016f0                Error_Handler
 .text.MX_QUADSPI_Init
                0x080016fc       0x58 ./Core/Src/quadspi.o
                0x080016fc                MX_QUADSPI_Init
 .text.HAL_QSPI_MspInit
                0x08001754      0x148 ./Core/Src/quadspi.o
                0x08001754                HAL_QSPI_MspInit
 .text.MX_SPI1_Init
                0x0800189c       0xac ./Core/Src/spi.o
                0x0800189c                MX_SPI1_Init
 .text.MX_SPI4_Init
                0x08001948       0xac ./Core/Src/spi.o
                0x08001948                MX_SPI4_Init
 .text.HAL_SPI_MspInit
                0x080019f4      0x16c ./Core/Src/spi.o
                0x080019f4                HAL_SPI_MspInit
 .text.HAL_MspInit
                0x08001b60       0x34 ./Core/Src/stm32h7xx_hal_msp.o
                0x08001b60                HAL_MspInit
 .text.NMI_Handler
                0x08001b94        0x8 ./Core/Src/stm32h7xx_it.o
                0x08001b94                NMI_Handler
 .text.HardFault_Handler
                0x08001b9c        0x8 ./Core/Src/stm32h7xx_it.o
                0x08001b9c                HardFault_Handler
 .text.MemManage_Handler
                0x08001ba4        0x8 ./Core/Src/stm32h7xx_it.o
                0x08001ba4                MemManage_Handler
 .text.BusFault_Handler
                0x08001bac        0x8 ./Core/Src/stm32h7xx_it.o
                0x08001bac                BusFault_Handler
 .text.UsageFault_Handler
                0x08001bb4        0x8 ./Core/Src/stm32h7xx_it.o
                0x08001bb4                UsageFault_Handler
 .text.SVC_Handler
                0x08001bbc        0xe ./Core/Src/stm32h7xx_it.o
                0x08001bbc                SVC_Handler
 .text.DebugMon_Handler
                0x08001bca        0xe ./Core/Src/stm32h7xx_it.o
                0x08001bca                DebugMon_Handler
 .text.PendSV_Handler
                0x08001bd8        0xe ./Core/Src/stm32h7xx_it.o
                0x08001bd8                PendSV_Handler
 .text.SysTick_Handler
                0x08001be6        0xc ./Core/Src/stm32h7xx_it.o
                0x08001be6                SysTick_Handler
 *fill*         0x08001bf2        0x2 
 .text.FDCAN1_IT0_IRQHandler
                0x08001bf4       0x14 ./Core/Src/stm32h7xx_it.o
                0x08001bf4                FDCAN1_IT0_IRQHandler
 .text._sbrk    0x08001c08       0x6c ./Core/Src/sysmem.o
                0x08001c08                _sbrk
 .text.SystemInit
                0x08001c74      0x140 ./Core/Src/system_stm32h7xx.o
                0x08001c74                SystemInit
 .text.ExitRun0Mode
                0x08001db4       0x30 ./Core/Src/system_stm32h7xx.o
                0x08001db4                ExitRun0Mode
 .text.MX_UART4_Init
                0x08001de4       0x98 ./Core/Src/usart.o
                0x08001de4                MX_UART4_Init
 .text.MX_UART5_Init
                0x08001e7c       0x98 ./Core/Src/usart.o
                0x08001e7c                MX_UART5_Init
 .text.MX_UART8_Init
                0x08001f14       0x98 ./Core/Src/usart.o
                0x08001f14                MX_UART8_Init
 .text.MX_USART3_UART_Init
                0x08001fac       0x98 ./Core/Src/usart.o
                0x08001fac                MX_USART3_UART_Init
 .text.HAL_UART_MspInit
                0x08002044      0x2b4 ./Core/Src/usart.o
                0x08002044                HAL_UART_MspInit
 .text.BMI088_Init
                0x080022f8      0x230 ./Core/Src/drivers/BMI088.o
                0x080022f8                BMI088_Init
 .text.BMI088_ReadAccRegister
                0x08002528       0x72 ./Core/Src/drivers/BMI088.o
                0x08002528                BMI088_ReadAccRegister
 .text.BMI088_ReadGyrRegister
                0x0800259a       0x78 ./Core/Src/drivers/BMI088.o
                0x0800259a                BMI088_ReadGyrRegister
 .text.BMI088_WriteAccRegister
                0x08002612       0x74 ./Core/Src/drivers/BMI088.o
                0x08002612                BMI088_WriteAccRegister
 .text.BMI088_WriteGyrRegister
                0x08002686       0x74 ./Core/Src/drivers/BMI088.o
                0x08002686                BMI088_WriteGyrRegister
 *fill*         0x080026fa        0x2 
 .text.ADCS_Init
                0x080026fc       0xa4 ./Core/Src/drivers/adcs.o
                0x080026fc                ADCS_Init
 .text.ADCS_SendCommand
                0x080027a0       0x28 ./Core/Src/drivers/adcs.o
                0x080027a0                ADCS_SendCommand
 .text.ADCS_SetSpeed
                0x080027c8       0x8c ./Core/Src/drivers/adcs.o
                0x080027c8                ADCS_SetSpeed
 .text.ADCS_PID_Reset
                0x08002854       0x24 ./Core/Src/drivers/adcs.o
                0x08002854                ADCS_PID_Reset
 .text.HAL_FDCAN_RxFifo0Callback
                0x08002878       0x64 ./Core/Src/drivers/can_driver.o
                0x08002878                HAL_FDCAN_RxFifo0Callback
 .text.CalculateChecksum
                0x080028dc       0x6c ./Core/Src/drivers/uart_protocol.o
                0x080028dc                CalculateChecksum
 .text.UART_Transmit
                0x08002948      0x164 ./Core/Src/drivers/uart_protocol.o
                0x08002948                UART_Transmit
 .text.UART_Receive
                0x08002aac      0x3c8 ./Core/Src/drivers/uart_protocol.o
                0x08002aac                UART_Receive
 .text.Check_Payload_Response
                0x08002e74      0x164 ./Core/Src/drivers/uart_protocol.o
                0x08002e74                Check_Payload_Response
 .text.Reset_Handler
                0x08002fd8       0x54 ./Core/Startup/startup_stm32h743iitx.o
                0x08002fd8                Reset_Handler
 .text.Default_Handler
                0x0800302c        0x2 ./Core/Startup/startup_stm32h743iitx.o
                0x0800302c                RTC_Alarm_IRQHandler
                0x0800302c                EXTI2_IRQHandler
                0x0800302c                TIM8_CC_IRQHandler
                0x0800302c                HRTIM1_Master_IRQHandler
                0x0800302c                UART8_IRQHandler
                0x0800302c                SPI4_IRQHandler
                0x0800302c                TIM1_CC_IRQHandler
                0x0800302c                BDMA_Channel6_IRQHandler
                0x0800302c                DMA2_Stream5_IRQHandler
                0x0800302c                HRTIM1_FLT_IRQHandler
                0x0800302c                JPEG_IRQHandler
                0x0800302c                DMA1_Stream5_IRQHandler
                0x0800302c                BDMA_Channel1_IRQHandler
                0x0800302c                HRTIM1_TIMD_IRQHandler
                0x0800302c                TAMP_STAMP_IRQHandler
                0x0800302c                EXTI3_IRQHandler
                0x0800302c                LPTIM4_IRQHandler
                0x0800302c                TIM8_TRG_COM_TIM14_IRQHandler
                0x0800302c                LPTIM2_IRQHandler
                0x0800302c                DFSDM1_FLT1_IRQHandler
                0x0800302c                DMAMUX2_OVR_IRQHandler
                0x0800302c                TIM8_UP_TIM13_IRQHandler
                0x0800302c                I2C3_ER_IRQHandler
                0x0800302c                DFSDM1_FLT2_IRQHandler
                0x0800302c                MDMA_IRQHandler
                0x0800302c                LPTIM3_IRQHandler
                0x0800302c                HSEM1_IRQHandler
                0x0800302c                EXTI0_IRQHandler
                0x0800302c                I2C2_EV_IRQHandler
                0x0800302c                DMA1_Stream2_IRQHandler
                0x0800302c                FPU_IRQHandler
                0x0800302c                OTG_HS_WKUP_IRQHandler
                0x0800302c                FDCAN1_IT1_IRQHandler
                0x0800302c                LTDC_ER_IRQHandler
                0x0800302c                DMA2_Stream2_IRQHandler
                0x0800302c                HRTIM1_TIME_IRQHandler
                0x0800302c                SPI1_IRQHandler
                0x0800302c                TIM6_DAC_IRQHandler
                0x0800302c                DCMI_IRQHandler
                0x0800302c                HRTIM1_TIMC_IRQHandler
                0x0800302c                DMA2_Stream3_IRQHandler
                0x0800302c                SAI2_IRQHandler
                0x0800302c                DFSDM1_FLT3_IRQHandler
                0x0800302c                USART6_IRQHandler
                0x0800302c                TIM17_IRQHandler
                0x0800302c                USART3_IRQHandler
                0x0800302c                BDMA_Channel7_IRQHandler
                0x0800302c                LPTIM5_IRQHandler
                0x0800302c                UART5_IRQHandler
                0x0800302c                ADC3_IRQHandler
                0x0800302c                DMA2_Stream0_IRQHandler
                0x0800302c                TIM4_IRQHandler
                0x0800302c                BDMA_Channel2_IRQHandler
                0x0800302c                QUADSPI_IRQHandler
                0x0800302c                I2C1_EV_IRQHandler
                0x0800302c                DMA1_Stream6_IRQHandler
                0x0800302c                DMAMUX1_OVR_IRQHandler
                0x0800302c                DMA1_Stream1_IRQHandler
                0x0800302c                TIM16_IRQHandler
                0x0800302c                UART4_IRQHandler
                0x0800302c                BDMA_Channel5_IRQHandler
                0x0800302c                TIM3_IRQHandler
                0x0800302c                RCC_IRQHandler
                0x0800302c                TIM8_BRK_TIM12_IRQHandler
                0x0800302c                TIM1_TRG_COM_IRQHandler
                0x0800302c                Default_Handler
                0x0800302c                ECC_IRQHandler
                0x0800302c                CEC_IRQHandler
                0x0800302c                EXTI15_10_IRQHandler
                0x0800302c                BDMA_Channel0_IRQHandler
                0x0800302c                ADC_IRQHandler
                0x0800302c                DMA1_Stream7_IRQHandler
                0x0800302c                HRTIM1_TIMA_IRQHandler
                0x0800302c                SPI5_IRQHandler
                0x0800302c                TIM7_IRQHandler
                0x0800302c                SDMMC1_IRQHandler
                0x0800302c                TIM5_IRQHandler
                0x0800302c                DMA2_Stream7_IRQHandler
                0x0800302c                TIM15_IRQHandler
                0x0800302c                PVD_AVD_IRQHandler
                0x0800302c                I2C3_EV_IRQHandler
                0x0800302c                EXTI9_5_IRQHandler
                0x0800302c                RTC_WKUP_IRQHandler
                0x0800302c                LTDC_IRQHandler
                0x0800302c                SAI3_IRQHandler
                0x0800302c                ETH_WKUP_IRQHandler
                0x0800302c                SPDIF_RX_IRQHandler
                0x0800302c                SPI2_IRQHandler
                0x0800302c                OTG_HS_EP1_IN_IRQHandler
                0x0800302c                DMA1_Stream0_IRQHandler
                0x0800302c                CRS_IRQHandler
                0x0800302c                EXTI4_IRQHandler
                0x0800302c                RNG_IRQHandler
                0x0800302c                HRTIM1_TIMB_IRQHandler
                0x0800302c                FDCAN2_IT1_IRQHandler
                0x0800302c                ETH_IRQHandler
                0x0800302c                TIM1_UP_IRQHandler
                0x0800302c                BDMA_Channel4_IRQHandler
                0x0800302c                OTG_HS_EP1_OUT_IRQHandler
                0x0800302c                WWDG_IRQHandler
                0x0800302c                SPI6_IRQHandler
                0x0800302c                MDIOS_IRQHandler
                0x0800302c                I2C4_EV_IRQHandler
                0x0800302c                FDCAN2_IT0_IRQHandler
                0x0800302c                LPUART1_IRQHandler
                0x0800302c                TIM2_IRQHandler
                0x0800302c                OTG_FS_WKUP_IRQHandler
                0x0800302c                OTG_HS_IRQHandler
                0x0800302c                DMA2D_IRQHandler
                0x0800302c                TIM1_BRK_IRQHandler
                0x0800302c                EXTI1_IRQHandler
                0x0800302c                SDMMC2_IRQHandler
                0x0800302c                OTG_FS_EP1_OUT_IRQHandler
                0x0800302c                BDMA_Channel3_IRQHandler
                0x0800302c                UART7_IRQHandler
                0x0800302c                MDIOS_WKUP_IRQHandler
                0x0800302c                USART2_IRQHandler
                0x0800302c                DFSDM1_FLT0_IRQHandler
                0x0800302c                SAI4_IRQHandler
                0x0800302c                I2C2_ER_IRQHandler
                0x0800302c                DMA2_Stream1_IRQHandler
                0x0800302c                FLASH_IRQHandler
                0x0800302c                DMA2_Stream4_IRQHandler
                0x0800302c                USART1_IRQHandler
                0x0800302c                OTG_FS_IRQHandler
                0x0800302c                SPI3_IRQHandler
                0x0800302c                WAKEUP_PIN_IRQHandler
                0x0800302c                DMA1_Stream4_IRQHandler
                0x0800302c                OTG_FS_EP1_IN_IRQHandler
                0x0800302c                I2C1_ER_IRQHandler
                0x0800302c                FMC_IRQHandler
                0x0800302c                FDCAN_CAL_IRQHandler
                0x0800302c                SWPMI1_IRQHandler
                0x0800302c                COMP1_IRQHandler
                0x0800302c                LPTIM1_IRQHandler
                0x0800302c                I2C4_ER_IRQHandler
                0x0800302c                DMA2_Stream6_IRQHandler
                0x0800302c                SAI1_IRQHandler
                0x0800302c                DMA1_Stream3_IRQHandler
 *fill*         0x0800302e        0x2 
 .text.HAL_Init
                0x08003030       0x78 ./Drivers/STM32H7xx_HAL_Driver/Src/stm32h7xx_hal.o
                0x08003030                HAL_Init
 .text.HAL_InitTick
                0x080030a8       0x6c ./Drivers/STM32H7xx_HAL_Driver/Src/stm32h7xx_hal.o
                0x080030a8                HAL_InitTick
 .text.HAL_IncTick
                0x08003114       0x28 ./Drivers/STM32H7xx_HAL_Driver/Src/stm32h7xx_hal.o
                0x08003114                HAL_IncTick
 .text.HAL_GetTick
                0x0800313c       0x18 ./Drivers/STM32H7xx_HAL_Driver/Src/stm32h7xx_hal.o
                0x0800313c                HAL_GetTick
 .text.HAL_Delay
                0x08003154       0x48 ./Drivers/STM32H7xx_HAL_Driver/Src/stm32h7xx_hal.o
                0x08003154                HAL_Delay
 .text.HAL_GetREVID
                0x0800319c       0x18 ./Drivers/STM32H7xx_HAL_Driver/Src/stm32h7xx_hal.o
                0x0800319c                HAL_GetREVID
 .text.HAL_SYSCFG_AnalogSwitchConfig
                0x080031b4       0x2c ./Drivers/STM32H7xx_HAL_Driver/Src/stm32h7xx_hal.o
                0x080031b4                HAL_SYSCFG_AnalogSwitchConfig
 .text.LL_ADC_SetCommonClock
                0x080031e0       0x26 ./Drivers/STM32H7xx_HAL_Driver/Src/stm32h7xx_hal_adc.o
 .text.LL_ADC_SetCommonPathInternalCh
                0x08003206       0x26 ./Drivers/STM32H7xx_HAL_Driver/Src/stm32h7xx_hal_adc.o
 .text.LL_ADC_GetCommonPathInternalCh
                0x0800322c       0x1c ./Drivers/STM32H7xx_HAL_Driver/Src/stm32h7xx_hal_adc.o
 .text.LL_ADC_SetChannelPreselection
                0x08003248       0x66 ./Drivers/STM32H7xx_HAL_Driver/Src/stm32h7xx_hal_adc.o
 .text.LL_ADC_SetOffset
                0x080032ae       0x40 ./Drivers/STM32H7xx_HAL_Driver/Src/stm32h7xx_hal_adc.o
 .text.LL_ADC_SetDataRightShift
                0x080032ee       0x32 ./Drivers/STM32H7xx_HAL_Driver/Src/stm32h7xx_hal_adc.o
 .text.LL_ADC_SetOffsetSignedSaturation
                0x08003320       0x36 ./Drivers/STM32H7xx_HAL_Driver/Src/stm32h7xx_hal_adc.o
 .text.LL_ADC_REG_SetSequencerRanks
                0x08003356       0x58 ./Drivers/STM32H7xx_HAL_Driver/Src/stm32h7xx_hal_adc.o
 .text.LL_ADC_SetChannelSamplingTime
                0x080033ae       0x56 ./Drivers/STM32H7xx_HAL_Driver/Src/stm32h7xx_hal_adc.o
 .text.LL_ADC_SetChannelSingleDiff
                0x08003404       0x48 ./Drivers/STM32H7xx_HAL_Driver/Src/stm32h7xx_hal_adc.o
 .text.LL_ADC_DisableDeepPowerDown
                0x0800344c       0x24 ./Drivers/STM32H7xx_HAL_Driver/Src/stm32h7xx_hal_adc.o
 .text.LL_ADC_IsDeepPowerDownEnabled
                0x08003470       0x28 ./Drivers/STM32H7xx_HAL_Driver/Src/stm32h7xx_hal_adc.o
 .text.LL_ADC_EnableInternalRegulator
                0x08003498       0x28 ./Drivers/STM32H7xx_HAL_Driver/Src/stm32h7xx_hal_adc.o
 .text.LL_ADC_IsInternalRegulatorEnabled
                0x080034c0       0x28 ./Drivers/STM32H7xx_HAL_Driver/Src/stm32h7xx_hal_adc.o
 .text.LL_ADC_Disable
                0x080034e8       0x28 ./Drivers/STM32H7xx_HAL_Driver/Src/stm32h7xx_hal_adc.o
 .text.LL_ADC_IsEnabled
                0x08003510       0x26 ./Drivers/STM32H7xx_HAL_Driver/Src/stm32h7xx_hal_adc.o
 .text.LL_ADC_IsDisableOngoing
                0x08003536       0x26 ./Drivers/STM32H7xx_HAL_Driver/Src/stm32h7xx_hal_adc.o
 .text.LL_ADC_REG_IsConversionOngoing
                0x0800355c       0x26 ./Drivers/STM32H7xx_HAL_Driver/Src/stm32h7xx_hal_adc.o
 .text.LL_ADC_INJ_IsConversionOngoing
                0x08003582       0x26 ./Drivers/STM32H7xx_HAL_Driver/Src/stm32h7xx_hal_adc.o
 .text.HAL_ADC_Init
                0x080035a8      0x344 ./Drivers/STM32H7xx_HAL_Driver/Src/stm32h7xx_hal_adc.o
                0x080035a8                HAL_ADC_Init
 .text.HAL_ADC_ConfigChannel
                0x080038ec      0x5e0 ./Drivers/STM32H7xx_HAL_Driver/Src/stm32h7xx_hal_adc.o
                0x080038ec                HAL_ADC_ConfigChannel
 .text.ADC_Disable
                0x08003ecc       0xbe ./Drivers/STM32H7xx_HAL_Driver/Src/stm32h7xx_hal_adc.o
                0x08003ecc                ADC_Disable
 *fill*         0x08003f8a        0x2 
 .text.ADC_ConfigureBoostMode
                0x08003f8c      0x218 ./Drivers/STM32H7xx_HAL_Driver/Src/stm32h7xx_hal_adc.o
                0x08003f8c                ADC_ConfigureBoostMode
 .text.LL_ADC_IsEnabled
                0x080041a4       0x26 ./Drivers/STM32H7xx_HAL_Driver/Src/stm32h7xx_hal_adc_ex.o
 *fill*         0x080041ca        0x2 
 .text.LL_ADC_StartCalibration
                0x080041cc       0x3c ./Drivers/STM32H7xx_HAL_Driver/Src/stm32h7xx_hal_adc_ex.o
 .text.LL_ADC_IsCalibrationOnGoing
                0x08004208       0x28 ./Drivers/STM32H7xx_HAL_Driver/Src/stm32h7xx_hal_adc_ex.o
 .text.LL_ADC_REG_IsConversionOngoing
                0x08004230       0x26 ./Drivers/STM32H7xx_HAL_Driver/Src/stm32h7xx_hal_adc_ex.o
 *fill*         0x08004256        0x2 
 .text.HAL_ADCEx_Calibration_Start
                0x08004258       0xc8 ./Drivers/STM32H7xx_HAL_Driver/Src/stm32h7xx_hal_adc_ex.o
                0x08004258                HAL_ADCEx_Calibration_Start
 .text.HAL_ADCEx_MultiModeConfigChannel
                0x08004320      0x1bc ./Drivers/STM32H7xx_HAL_Driver/Src/stm32h7xx_hal_adc_ex.o
                0x08004320                HAL_ADCEx_MultiModeConfigChannel
 .text.__NVIC_SetPriorityGrouping
                0x080044dc       0x48 ./Drivers/STM32H7xx_HAL_Driver/Src/stm32h7xx_hal_cortex.o
 .text.__NVIC_GetPriorityGrouping
                0x08004524       0x1c ./Drivers/STM32H7xx_HAL_Driver/Src/stm32h7xx_hal_cortex.o
 .text.__NVIC_EnableIRQ
                0x08004540       0x3c ./Drivers/STM32H7xx_HAL_Driver/Src/stm32h7xx_hal_cortex.o
 .text.__NVIC_SetPriority
                0x0800457c       0x54 ./Drivers/STM32H7xx_HAL_Driver/Src/stm32h7xx_hal_cortex.o
 .text.NVIC_EncodePriority
                0x080045d0       0x66 ./Drivers/STM32H7xx_HAL_Driver/Src/stm32h7xx_hal_cortex.o
 *fill*         0x08004636        0x2 
 .text.SysTick_Config
                0x08004638       0x44 ./Drivers/STM32H7xx_HAL_Driver/Src/stm32h7xx_hal_cortex.o
 .text.HAL_NVIC_SetPriorityGrouping
                0x0800467c       0x16 ./Drivers/STM32H7xx_HAL_Driver/Src/stm32h7xx_hal_cortex.o
                0x0800467c                HAL_NVIC_SetPriorityGrouping
 .text.HAL_NVIC_SetPriority
                0x08004692       0x34 ./Drivers/STM32H7xx_HAL_Driver/Src/stm32h7xx_hal_cortex.o
                0x08004692                HAL_NVIC_SetPriority
 .text.HAL_NVIC_EnableIRQ
                0x080046c6       0x1c ./Drivers/STM32H7xx_HAL_Driver/Src/stm32h7xx_hal_cortex.o
                0x080046c6                HAL_NVIC_EnableIRQ
 .text.HAL_SYSTICK_Config
                0x080046e2       0x18 ./Drivers/STM32H7xx_HAL_Driver/Src/stm32h7xx_hal_cortex.o
                0x080046e2                HAL_SYSTICK_Config
 *fill*         0x080046fa        0x2 
 .text.HAL_FDCAN_Init
                0x080046fc      0x3bc ./Drivers/STM32H7xx_HAL_Driver/Src/stm32h7xx_hal_fdcan.o
                0x080046fc                HAL_FDCAN_Init
 .text.HAL_FDCAN_ConfigFilter
                0x08004ab8       0xec ./Drivers/STM32H7xx_HAL_Driver/Src/stm32h7xx_hal_fdcan.o
                0x08004ab8                HAL_FDCAN_ConfigFilter
 .text.HAL_FDCAN_GetRxMessage
                0x08004ba4      0x2d8 ./Drivers/STM32H7xx_HAL_Driver/Src/stm32h7xx_hal_fdcan.o
                0x08004ba4                HAL_FDCAN_GetRxMessage
 .text.HAL_FDCAN_IRQHandler
                0x08004e7c      0x4bc ./Drivers/STM32H7xx_HAL_Driver/Src/stm32h7xx_hal_fdcan.o
                0x08004e7c                HAL_FDCAN_IRQHandler
 .text.HAL_FDCAN_ClockCalibrationCallback
                0x08005338       0x16 ./Drivers/STM32H7xx_HAL_Driver/Src/stm32h7xx_hal_fdcan.o
                0x08005338                HAL_FDCAN_ClockCalibrationCallback
 .text.HAL_FDCAN_TxEventFifoCallback
                0x0800534e       0x16 ./Drivers/STM32H7xx_HAL_Driver/Src/stm32h7xx_hal_fdcan.o
                0x0800534e                HAL_FDCAN_TxEventFifoCallback
 .text.HAL_FDCAN_RxFifo1Callback
                0x08005364       0x16 ./Drivers/STM32H7xx_HAL_Driver/Src/stm32h7xx_hal_fdcan.o
                0x08005364                HAL_FDCAN_RxFifo1Callback
 .text.HAL_FDCAN_TxFifoEmptyCallback
                0x0800537a       0x14 ./Drivers/STM32H7xx_HAL_Driver/Src/stm32h7xx_hal_fdcan.o
                0x0800537a                HAL_FDCAN_TxFifoEmptyCallback
 .text.HAL_FDCAN_TxBufferCompleteCallback
                0x0800538e       0x16 ./Drivers/STM32H7xx_HAL_Driver/Src/stm32h7xx_hal_fdcan.o
                0x0800538e                HAL_FDCAN_TxBufferCompleteCallback
 .text.HAL_FDCAN_TxBufferAbortCallback
                0x080053a4       0x16 ./Drivers/STM32H7xx_HAL_Driver/Src/stm32h7xx_hal_fdcan.o
                0x080053a4                HAL_FDCAN_TxBufferAbortCallback
 .text.HAL_FDCAN_RxBufferNewMessageCallback
                0x080053ba       0x14 ./Drivers/STM32H7xx_HAL_Driver/Src/stm32h7xx_hal_fdcan.o
                0x080053ba                HAL_FDCAN_RxBufferNewMessageCallback
 .text.HAL_FDCAN_TimestampWraparoundCallback
                0x080053ce       0x14 ./Drivers/STM32H7xx_HAL_Driver/Src/stm32h7xx_hal_fdcan.o
                0x080053ce                HAL_FDCAN_TimestampWraparoundCallback
 .text.HAL_FDCAN_TimeoutOccurredCallback
                0x080053e2       0x14 ./Drivers/STM32H7xx_HAL_Driver/Src/stm32h7xx_hal_fdcan.o
                0x080053e2                HAL_FDCAN_TimeoutOccurredCallback
 .text.HAL_FDCAN_HighPriorityMessageCallback
                0x080053f6       0x14 ./Drivers/STM32H7xx_HAL_Driver/Src/stm32h7xx_hal_fdcan.o
                0x080053f6                HAL_FDCAN_HighPriorityMessageCallback
 .text.HAL_FDCAN_ErrorCallback
                0x0800540a       0x14 ./Drivers/STM32H7xx_HAL_Driver/Src/stm32h7xx_hal_fdcan.o
                0x0800540a                HAL_FDCAN_ErrorCallback
 .text.HAL_FDCAN_ErrorStatusCallback
                0x0800541e       0x16 ./Drivers/STM32H7xx_HAL_Driver/Src/stm32h7xx_hal_fdcan.o
                0x0800541e                HAL_FDCAN_ErrorStatusCallback
 .text.HAL_FDCAN_TT_ScheduleSyncCallback
                0x08005434       0x16 ./Drivers/STM32H7xx_HAL_Driver/Src/stm32h7xx_hal_fdcan.o
                0x08005434                HAL_FDCAN_TT_ScheduleSyncCallback
 .text.HAL_FDCAN_TT_TimeMarkCallback
                0x0800544a       0x16 ./Drivers/STM32H7xx_HAL_Driver/Src/stm32h7xx_hal_fdcan.o
                0x0800544a                HAL_FDCAN_TT_TimeMarkCallback
 .text.HAL_FDCAN_TT_StopWatchCallback
                0x08005460       0x18 ./Drivers/STM32H7xx_HAL_Driver/Src/stm32h7xx_hal_fdcan.o
                0x08005460                HAL_FDCAN_TT_StopWatchCallback
 .text.HAL_FDCAN_TT_GlobalTimeCallback
                0x08005478       0x16 ./Drivers/STM32H7xx_HAL_Driver/Src/stm32h7xx_hal_fdcan.o
                0x08005478                HAL_FDCAN_TT_GlobalTimeCallback
 *fill*         0x0800548e        0x2 
 .text.FDCAN_CalcultateRamBlockAddresses
                0x08005490      0x30c ./Drivers/STM32H7xx_HAL_Driver/Src/stm32h7xx_hal_fdcan.o
 .text.HAL_GPIO_Init
                0x0800579c      0x360 ./Drivers/STM32H7xx_HAL_Driver/Src/stm32h7xx_hal_gpio.o
                0x0800579c                HAL_GPIO_Init
 .text.HAL_GPIO_WritePin
                0x08005afc       0x32 ./Drivers/STM32H7xx_HAL_Driver/Src/stm32h7xx_hal_gpio.o
                0x08005afc                HAL_GPIO_WritePin
 *fill*         0x08005b2e        0x2 
 .text.HAL_I2C_Init
                0x08005b30      0x138 ./Drivers/STM32H7xx_HAL_Driver/Src/stm32h7xx_hal_i2c.o
                0x08005b30                HAL_I2C_Init
 .text.HAL_I2CEx_ConfigAnalogFilter
                0x08005c68       0x96 ./Drivers/STM32H7xx_HAL_Driver/Src/stm32h7xx_hal_i2c_ex.o
                0x08005c68                HAL_I2CEx_ConfigAnalogFilter
 .text.HAL_I2CEx_ConfigDigitalFilter
                0x08005cfe       0x98 ./Drivers/STM32H7xx_HAL_Driver/Src/stm32h7xx_hal_i2c_ex.o
                0x08005cfe                HAL_I2CEx_ConfigDigitalFilter
 *fill*         0x08005d96        0x2 
 .text.HAL_PWREx_ConfigSupply
                0x08005d98       0x74 ./Drivers/STM32H7xx_HAL_Driver/Src/stm32h7xx_hal_pwr_ex.o
                0x08005d98                HAL_PWREx_ConfigSupply
 .text.HAL_QSPI_Init
                0x08005e0c       0xe8 ./Drivers/STM32H7xx_HAL_Driver/Src/stm32h7xx_hal_qspi.o
                0x08005e0c                HAL_QSPI_Init
 .text.HAL_QSPI_SetTimeout
                0x08005ef4       0x1c ./Drivers/STM32H7xx_HAL_Driver/Src/stm32h7xx_hal_qspi.o
                0x08005ef4                HAL_QSPI_SetTimeout
 .text.QSPI_WaitFlagStateUntilTimeout
                0x08005f10       0x6e ./Drivers/STM32H7xx_HAL_Driver/Src/stm32h7xx_hal_qspi.o
 *fill*         0x08005f7e        0x2 
 .text.HAL_RCC_OscConfig
                0x08005f80      0x8b4 ./Drivers/STM32H7xx_HAL_Driver/Src/stm32h7xx_hal_rcc.o
                0x08005f80                HAL_RCC_OscConfig
 .text.HAL_RCC_ClockConfig
                0x08006834      0x36c ./Drivers/STM32H7xx_HAL_Driver/Src/stm32h7xx_hal_rcc.o
                0x08006834                HAL_RCC_ClockConfig
 .text.HAL_RCC_GetSysClockFreq
                0x08006ba0      0x2f4 ./Drivers/STM32H7xx_HAL_Driver/Src/stm32h7xx_hal_rcc.o
                0x08006ba0                HAL_RCC_GetSysClockFreq
 .text.HAL_RCC_GetHCLKFreq
                0x08006e94       0x60 ./Drivers/STM32H7xx_HAL_Driver/Src/stm32h7xx_hal_rcc.o
                0x08006e94                HAL_RCC_GetHCLKFreq
 .text.HAL_RCC_GetPCLK1Freq
                0x08006ef4       0x2c ./Drivers/STM32H7xx_HAL_Driver/Src/stm32h7xx_hal_rcc.o
                0x08006ef4                HAL_RCC_GetPCLK1Freq
 .text.HAL_RCC_GetPCLK2Freq
                0x08006f20       0x2c ./Drivers/STM32H7xx_HAL_Driver/Src/stm32h7xx_hal_rcc.o
                0x08006f20                HAL_RCC_GetPCLK2Freq
 .text.HAL_RCCEx_PeriphCLKConfig
                0x08006f4c     0x1414 ./Drivers/STM32H7xx_HAL_Driver/Src/stm32h7xx_hal_rcc_ex.o
                0x08006f4c                HAL_RCCEx_PeriphCLKConfig
 .text.HAL_RCCEx_GetPeriphCLKFreq
                0x08008360      0xb00 ./Drivers/STM32H7xx_HAL_Driver/Src/stm32h7xx_hal_rcc_ex.o
                0x08008360                HAL_RCCEx_GetPeriphCLKFreq
 .text.HAL_RCCEx_GetD3PCLK1Freq
                0x08008e60       0x2c ./Drivers/STM32H7xx_HAL_Driver/Src/stm32h7xx_hal_rcc_ex.o
                0x08008e60                HAL_RCCEx_GetD3PCLK1Freq
 .text.HAL_RCCEx_GetPLL2ClockFreq
                0x08008e8c      0x2a8 ./Drivers/STM32H7xx_HAL_Driver/Src/stm32h7xx_hal_rcc_ex.o
                0x08008e8c                HAL_RCCEx_GetPLL2ClockFreq
 .text.HAL_RCCEx_GetPLL3ClockFreq
                0x08009134      0x2a8 ./Drivers/STM32H7xx_HAL_Driver/Src/stm32h7xx_hal_rcc_ex.o
                0x08009134                HAL_RCCEx_GetPLL3ClockFreq
 .text.HAL_RCCEx_GetPLL1ClockFreq
                0x080093dc      0x2a4 ./Drivers/STM32H7xx_HAL_Driver/Src/stm32h7xx_hal_rcc_ex.o
                0x080093dc                HAL_RCCEx_GetPLL1ClockFreq
 .text.RCCEx_PLL2_Config
                0x08009680      0x164 ./Drivers/STM32H7xx_HAL_Driver/Src/stm32h7xx_hal_rcc_ex.o
 .text.RCCEx_PLL3_Config
                0x080097e4      0x164 ./Drivers/STM32H7xx_HAL_Driver/Src/stm32h7xx_hal_rcc_ex.o
 .text.HAL_SPI_Init
                0x08009948      0x248 ./Drivers/STM32H7xx_HAL_Driver/Src/stm32h7xx_hal_spi.o
                0x08009948                HAL_SPI_Init
 .text.HAL_SPI_Transmit
                0x08009b90      0x3dc ./Drivers/STM32H7xx_HAL_Driver/Src/stm32h7xx_hal_spi.o
                0x08009b90                HAL_SPI_Transmit
 .text.HAL_SPI_TransmitReceive
                0x08009f6c      0x674 ./Drivers/STM32H7xx_HAL_Driver/Src/stm32h7xx_hal_spi.o
                0x08009f6c                HAL_SPI_TransmitReceive
 .text.HAL_SPI_GetState
                0x0800a5e0       0x1c ./Drivers/STM32H7xx_HAL_Driver/Src/stm32h7xx_hal_spi.o
                0x0800a5e0                HAL_SPI_GetState
 .text.SPI_CloseTransfer
                0x0800a5fc      0x140 ./Drivers/STM32H7xx_HAL_Driver/Src/stm32h7xx_hal_spi.o
 .text.SPI_WaitOnFlagUntilTimeout
                0x0800a73c       0x5c ./Drivers/STM32H7xx_HAL_Driver/Src/stm32h7xx_hal_spi.o
 .text.SPI_GetPacketSize
                0x0800a798       0x36 ./Drivers/STM32H7xx_HAL_Driver/Src/stm32h7xx_hal_spi.o
 .text.HAL_UART_Init
                0x0800a7ce       0xa0 ./Drivers/STM32H7xx_HAL_Driver/Src/stm32h7xx_hal_uart.o
                0x0800a7ce                HAL_UART_Init
 .text.HAL_UART_Transmit
                0x0800a86e      0x11c ./Drivers/STM32H7xx_HAL_Driver/Src/stm32h7xx_hal_uart.o
                0x0800a86e                HAL_UART_Transmit
 .text.HAL_UART_Receive
                0x0800a98a      0x190 ./Drivers/STM32H7xx_HAL_Driver/Src/stm32h7xx_hal_uart.o
                0x0800a98a                HAL_UART_Receive
 *fill*         0x0800ab1a        0x2 
 .text.UART_SetConfig
                0x0800ab1c      0xad0 ./Drivers/STM32H7xx_HAL_Driver/Src/stm32h7xx_hal_uart.o
                0x0800ab1c                UART_SetConfig
 .text.UART_AdvFeatureConfig
                0x0800b5ec      0x144 ./Drivers/STM32H7xx_HAL_Driver/Src/stm32h7xx_hal_uart.o
                0x0800b5ec                UART_AdvFeatureConfig
 .text.UART_CheckIdleState
                0x0800b730      0x154 ./Drivers/STM32H7xx_HAL_Driver/Src/stm32h7xx_hal_uart.o
                0x0800b730                UART_CheckIdleState
 .text.UART_WaitOnFlagUntilTimeout
                0x0800b884       0xda ./Drivers/STM32H7xx_HAL_Driver/Src/stm32h7xx_hal_uart.o
                0x0800b884                UART_WaitOnFlagUntilTimeout
 *fill*         0x0800b95e        0x2 
 .text.UART_EndRxTransfer
                0x0800b960       0xcc ./Drivers/STM32H7xx_HAL_Driver/Src/stm32h7xx_hal_uart.o
 .text.HAL_UARTEx_DisableFifoMode
                0x0800ba2c       0x72 ./Drivers/STM32H7xx_HAL_Driver/Src/stm32h7xx_hal_uart_ex.o
                0x0800ba2c                HAL_UARTEx_DisableFifoMode
 .text.HAL_UARTEx_SetTxFifoThreshold
                0x0800ba9e       0x7c ./Drivers/STM32H7xx_HAL_Driver/Src/stm32h7xx_hal_uart_ex.o
                0x0800ba9e                HAL_UARTEx_SetTxFifoThreshold
 .text.HAL_UARTEx_SetRxFifoThreshold
                0x0800bb1a       0x7c ./Drivers/STM32H7xx_HAL_Driver/Src/stm32h7xx_hal_uart_ex.o
                0x0800bb1a                HAL_UARTEx_SetRxFifoThreshold
 *fill*         0x0800bb96        0x2 
 .text.UARTEx_SetNbDataToProcess
                0x0800bb98       0x9c ./Drivers/STM32H7xx_HAL_Driver/Src/stm32h7xx_hal_uart_ex.o
 .text.snprintf
                0x0800bc34       0x6c C:/ST/STM32CubeIDE_1.18.0/STM32CubeIDE/plugins/com.st.stm32cube.ide.mcu.externaltools.gnu-tools-for-stm32.13.3.rel1.win32_1.0.100.202509120712/tools/bin/../lib/gcc/arm-none-eabi/13.3.1/../../../../arm-none-eabi/lib/thumb/v7e-m+dp/hard\libc_nano.a(libc_a-snprintf.o)
                0x0800bc34                sniprintf
                0x0800bc34                snprintf
 .text.memset   0x0800bca0       0x10 C:/ST/STM32CubeIDE_1.18.0/STM32CubeIDE/plugins/com.st.stm32cube.ide.mcu.externaltools.gnu-tools-for-stm32.13.3.rel1.win32_1.0.100.202509120712/tools/bin/../lib/gcc/arm-none-eabi/13.3.1/../../../../arm-none-eabi/lib/thumb/v7e-m+dp/hard\libc_nano.a(libc_a-memset.o)
                0x0800bca0                memset
 .text.__errno  0x0800bcb0        0xc C:/ST/STM32CubeIDE_1.18.0/STM32CubeIDE/plugins/com.st.stm32cube.ide.mcu.externaltools.gnu-tools-for-stm32.13.3.rel1.win32_1.0.100.202509120712/tools/bin/../lib/gcc/arm-none-eabi/13.3.1/../../../../arm-none-eabi/lib/thumb/v7e-m+dp/hard\libc_nano.a(libc_a-errno.o)
                0x0800bcb0                __errno
 .text.__libc_init_array
                0x0800bcbc       0x48 C:/ST/STM32CubeIDE_1.18.0/STM32CubeIDE/plugins/com.st.stm32cube.ide.mcu.externaltools.gnu-tools-for-stm32.13.3.rel1.win32_1.0.100.202509120712/tools/bin/../lib/gcc/arm-none-eabi/13.3.1/../../../../arm-none-eabi/lib/thumb/v7e-m+dp/hard\libc_nano.a(libc_a-init.o)
                0x0800bcbc                __libc_init_array
 .text.__retarget_lock_acquire_recursive
                0x0800bd04        0x2 C:/ST/STM32CubeIDE_1.18.0/STM32CubeIDE/plugins/com.st.stm32cube.ide.mcu.externaltools.gnu-tools-for-stm32.13.3.rel1.win32_1.0.100.202509120712/tools/bin/../lib/gcc/arm-none-eabi/13.3.1/../../../../arm-none-eabi/lib/thumb/v7e-m+dp/hard\libc_nano.a(libc_a-lock.o)
                0x0800bd04                __retarget_lock_acquire_recursive
 .text.__retarget_lock_release_recursive
                0x0800bd06        0x2 C:/ST/STM32CubeIDE_1.18.0/STM32CubeIDE/plugins/com.st.stm32cube.ide.mcu.externaltools.gnu-tools-for-stm32.13.3.rel1.win32_1.0.100.202509120712/tools/bin/../lib/gcc/arm-none-eabi/13.3.1/../../../../arm-none-eabi/lib/thumb/v7e-m+dp/hard\libc_nano.a(libc_a-lock.o)
                0x0800bd06                __retarget_lock_release_recursive
 .text.memcpy   0x0800bd08       0x1c C:/ST/STM32CubeIDE_1.18.0/STM32CubeIDE/plugins/com.st.stm32cube.ide.mcu.externaltools.gnu-tools-for-stm32.13.3.rel1.win32_1.0.100.202509120712/tools/bin/../lib/gcc/arm-none-eabi/13.3.1/../../../../arm-none-eabi/lib/thumb/v7e-m+dp/hard\libc_nano.a(libc_a-memcpy-stub.o)
                0x0800bd08                memcpy
 .text._free_r  0x0800bd24       0x94 C:/ST/STM32CubeIDE_1.18.0/STM32CubeIDE/plugins/com.st.stm32cube.ide.mcu.externaltools.gnu-tools-for-stm32.13.3.rel1.win32_1.0.100.202509120712/tools/bin/../lib/gcc/arm-none-eabi/13.3.1/../../../../arm-none-eabi/lib/thumb/v7e-m+dp/hard\libc_nano.a(libc_a-freer.o)
                0x0800bd24                _free_r
 .text.sbrk_aligned
                0x0800bdb8       0x44 C:/ST/STM32CubeIDE_1.18.0/STM32CubeIDE/plugins/com.st.stm32cube.ide.mcu.externaltools.gnu-tools-for-stm32.13.3.rel1.win32_1.0.100.202509120712/tools/bin/../lib/gcc/arm-none-eabi/13.3.1/../../../../arm-none-eabi/lib/thumb/v7e-m+dp/hard\libc_nano.a(libc_a-mallocr.o)
 .text._malloc_r
                0x0800bdfc      0x100 C:/ST/STM32CubeIDE_1.18.0/STM32CubeIDE/plugins/com.st.stm32cube.ide.mcu.externaltools.gnu-tools-for-stm32.13.3.rel1.win32_1.0.100.202509120712/tools/bin/../lib/gcc/arm-none-eabi/13.3.1/../../../../arm-none-eabi/lib/thumb/v7e-m+dp/hard\libc_nano.a(libc_a-mallocr.o)
                0x0800bdfc                _malloc_r
 .text.__malloc_lock
                0x0800befc        0xc C:/ST/STM32CubeIDE_1.18.0/STM32CubeIDE/plugins/com.st.stm32cube.ide.mcu.externaltools.gnu-tools-for-stm32.13.3.rel1.win32_1.0.100.202509120712/tools/bin/../lib/gcc/arm-none-eabi/13.3.1/../../../../arm-none-eabi/lib/thumb/v7e-m+dp/hard\libc_nano.a(libc_a-mlock.o)
                0x0800befc                __malloc_lock
 .text.__malloc_unlock
                0x0800bf08        0xc C:/ST/STM32CubeIDE_1.18.0/STM32CubeIDE/plugins/com.st.stm32cube.ide.mcu.externaltools.gnu-tools-for-stm32.13.3.rel1.win32_1.0.100.202509120712/tools/bin/../lib/gcc/arm-none-eabi/13.3.1/../../../../arm-none-eabi/lib/thumb/v7e-m+dp/hard\libc_nano.a(libc_a-mlock.o)
                0x0800bf08                __malloc_unlock
 .text.__ssputs_r
                0x0800bf14       0xb6 C:/ST/STM32CubeIDE_1.18.0/STM32CubeIDE/plugins/com.st.stm32cube.ide.mcu.externaltools.gnu-tools-for-stm32.13.3.rel1.win32_1.0.100.202509120712/tools/bin/../lib/gcc/arm-none-eabi/13.3.1/../../../../arm-none-eabi/lib/thumb/v7e-m+dp/hard\libc_nano.a(libc_a-nano-svfprintf.o)
                0x0800bf14                __ssputs_r
 *fill*         0x0800bfca        0x2 
 .text._svfprintf_r
                0x0800bfcc      0x1f8 C:/ST/STM32CubeIDE_1.18.0/STM32CubeIDE/plugins/com.st.stm32cube.ide.mcu.externaltools.gnu-tools-for-stm32.13.3.rel1.win32_1.0.100.202509120712/tools/bin/../lib/gcc/arm-none-eabi/13.3.1/../../../../arm-none-eabi/lib/thumb/v7e-m+dp/hard\libc_nano.a(libc_a-nano-svfprintf.o)
                0x0800bfcc                _svfiprintf_r
                0x0800bfcc                _svfprintf_r
 .text._printf_common
                0x0800c1c4       0xda C:/ST/STM32CubeIDE_1.18.0/STM32CubeIDE/plugins/com.st.stm32cube.ide.mcu.externaltools.gnu-tools-for-stm32.13.3.rel1.win32_1.0.100.202509120712/tools/bin/../lib/gcc/arm-none-eabi/13.3.1/../../../../arm-none-eabi/lib/thumb/v7e-m+dp/hard\libc_nano.a(libc_a-nano-vfprintf_i.o)
                0x0800c1c4                _printf_common
 *fill*         0x0800c29e        0x2 
 .text._printf_i
                0x0800c2a0      0x23c C:/ST/STM32CubeIDE_1.18.0/STM32CubeIDE/plugins/com.st.stm32cube.ide.mcu.externaltools.gnu-tools-for-stm32.13.3.rel1.win32_1.0.100.202509120712/tools/bin/../lib/gcc/arm-none-eabi/13.3.1/../../../../arm-none-eabi/lib/thumb/v7e-m+dp/hard\libc_nano.a(libc_a-nano-vfprintf_i.o)
                0x0800c2a0                _printf_i
 .text.memmove  0x0800c4dc       0x34 C:/ST/STM32CubeIDE_1.18.0/STM32CubeIDE/plugins/com.st.stm32cube.ide.mcu.externaltools.gnu-tools-for-stm32.13.3.rel1.win32_1.0.100.202509120712/tools/bin/../lib/gcc/arm-none-eabi/13.3.1/../../../../arm-none-eabi/lib/thumb/v7e-m+dp/hard\libc_nano.a(libc_a-memmove.o)
                0x0800c4dc                memmove
 .text._sbrk_r  0x0800c510       0x20 C:/ST/STM32CubeIDE_1.18.0/STM32CubeIDE/plugins/com.st.stm32cube.ide.mcu.externaltools.gnu-tools-for-stm32.13.3.rel1.win32_1.0.100.202509120712/tools/bin/../lib/gcc/arm-none-eabi/13.3.1/../../../../arm-none-eabi/lib/thumb/v7e-m+dp/hard\libc_nano.a(libc_a-sbrkr.o)
                0x0800c510                _sbrk_r
 .text._realloc_r
                0x0800c530       0x5c C:/ST/STM32CubeIDE_1.18.0/STM32CubeIDE/plugins/com.st.stm32cube.ide.mcu.externaltools.gnu-tools-for-stm32.13.3.rel1.win32_1.0.100.202509120712/tools/bin/../lib/gcc/arm-none-eabi/13.3.1/../../../../arm-none-eabi/lib/thumb/v7e-m+dp/hard\libc_nano.a(libc_a-reallocr.o)
                0x0800c530                _realloc_r
 .text._malloc_usable_size_r
                0x0800c58c       0x10 C:/ST/STM32CubeIDE_1.18.0/STM32CubeIDE/plugins/com.st.stm32cube.ide.mcu.externaltools.gnu-tools-for-stm32.13.3.rel1.win32_1.0.100.202509120712/tools/bin/../lib/gcc/arm-none-eabi/13.3.1/../../../../arm-none-eabi/lib/thumb/v7e-m+dp/hard\libc_nano.a(libc_a-msizer.o)
                0x0800c58c                _malloc_usable_size_r
 *(.glue_7)
 .glue_7        0x0800c59c        0x0 linker stubs
 *(.glue_7t)
 .glue_7t       0x0800c59c        0x0 linker stubs
 *(.eh_frame)
 .eh_frame      0x0800c59c        0x0 C:/ST/STM32CubeIDE_1.18.0/STM32CubeIDE/plugins/com.st.stm32cube.ide.mcu.externaltools.gnu-tools-for-stm32.13.3.rel1.win32_1.0.100.202509120712/tools/bin/../lib/gcc/arm-none-eabi/13.3.1/thumb/v7e-m+dp/hard/crtbegin.o
 *(.init)
 .init          0x0800c59c        0x4 C:/ST/STM32CubeIDE_1.18.0/STM32CubeIDE/plugins/com.st.stm32cube.ide.mcu.externaltools.gnu-tools-for-stm32.13.3.rel1.win32_1.0.100.202509120712/tools/bin/../lib/gcc/arm-none-eabi/13.3.1/thumb/v7e-m+dp/hard/crti.o
                0x0800c59c                _init
 .init          0x0800c5a0        0x8 C:/ST/STM32CubeIDE_1.18.0/STM32CubeIDE/plugins/com.st.stm32cube.ide.mcu.externaltools.gnu-tools-for-stm32.13.3.rel1.win32_1.0.100.202509120712/tools/bin/../lib/gcc/arm-none-eabi/13.3.1/thumb/v7e-m+dp/hard/crtn.o
 *(.fini)
 .fini          0x0800c5a8        0x4 C:/ST/STM32CubeIDE_1.18.0/STM32CubeIDE/plugins/com.st.stm32cube.ide.mcu.externaltools.gnu-tools-for-stm32.13.3.rel1.win32_1.0.100.202509120712/tools/bin/../lib/gcc/arm-none-eabi/13.3.1/thumb/v7e-m+dp/hard/crti.o
                0x0800c5a8                _fini
 .fini          0x0800c5ac        0x8 C:/ST/STM32CubeIDE_1.18.0/STM32CubeIDE/plugins/com.st.stm32cube.ide.mcu.externaltools.gnu-tools-for-stm32.13.3.rel1.win32_1.0.100.202509120712/tools/bin/../lib/gcc/arm-none-eabi/13.3.1/thumb/v7e-m+dp/hard/crtn.o
                0x0800c5b4                        . = ALIGN (0x4)
                0x0800c5b4                        _etext = .

.vfp11_veneer   0x0800c5b4        0x0
 .vfp11_veneer  0x0800c5b4        0x0 linker stubs

.v4_bx          0x0800c5b4        0x0
 .v4_bx         0x0800c5b4        0x0 linker stubs

.iplt           0x0800c5b4        0x0
 .iplt          0x0800c5b4        0x0 C:/ST/STM32CubeIDE_1.18.0/STM32CubeIDE/plugins/com.st.stm32cube.ide.mcu.externaltools.gnu-tools-for-stm32.13.3.rel1.win32_1.0.100.202509120712/tools/bin/../lib/gcc/arm-none-eabi/13.3.1/thumb/v7e-m+dp/hard/crtbegin.o

.rodata         0x0800c5b4       0xf0
                0x0800c5b4                        . = ALIGN (0x4)
 *(.rodata)
 .rodata        0x0800c5b4       0x13 ./Core/Src/SolarTracker.o
 *fill*         0x0800c5c7        0x1 
 .rodata        0x0800c5c8       0x14 ./Core/Src/drivers/adcs.o
 .rodata        0x0800c5dc       0x4c ./Drivers/STM32H7xx_HAL_Driver/Src/stm32h7xx_hal_fdcan.o
 *(.rodata*)
 .rodata.D1CorePrescTable
                0x0800c628       0x10 ./Core/Src/system_stm32h7xx.o
                0x0800c628                D1CorePrescTable
 .rodata.DLCtoBytes
                0x0800c638       0x10 ./Drivers/STM32H7xx_HAL_Driver/Src/stm32h7xx_hal_fdcan.o
 .rodata.UARTPrescTable
                0x0800c648       0x18 ./Drivers/STM32H7xx_HAL_Driver/Src/stm32h7xx_hal_uart.o
                0x0800c648                UARTPrescTable
 .rodata.numerator.1
                0x0800c660        0x8 ./Drivers/STM32H7xx_HAL_Driver/Src/stm32h7xx_hal_uart_ex.o
 .rodata.denominator.0
                0x0800c668        0x8 ./Drivers/STM32H7xx_HAL_Driver/Src/stm32h7xx_hal_uart_ex.o
 .rodata._svfprintf_r.str1.1
                0x0800c670       0x33 C:/ST/STM32CubeIDE_1.18.0/STM32CubeIDE/plugins/com.st.stm32cube.ide.mcu.externaltools.gnu-tools-for-stm32.13.3.rel1.win32_1.0.100.202509120712/tools/bin/../lib/gcc/arm-none-eabi/13.3.1/../../../../arm-none-eabi/lib/thumb/v7e-m+dp/hard\libc_nano.a(libc_a-nano-svfprintf.o)
                                 0x11 (size before relaxing)
 .rodata._printf_i.str1.1
                0x0800c6a3        0x0 C:/ST/STM32CubeIDE_1.18.0/STM32CubeIDE/plugins/com.st.stm32cube.ide.mcu.externaltools.gnu-tools-for-stm32.13.3.rel1.win32_1.0.100.202509120712/tools/bin/../lib/gcc/arm-none-eabi/13.3.1/../../../../arm-none-eabi/lib/thumb/v7e-m+dp/hard\libc_nano.a(libc_a-nano-vfprintf_i.o)
                                 0x22 (size before relaxing)
                0x0800c6a4                        . = ALIGN (0x4)
 *fill*         0x0800c6a3        0x1 

.ARM.extab
 *(.ARM.extab* .gnu.linkonce.armextab.*)

.ARM            0x0800c6a4        0x8
                0x0800c6a4                        __exidx_start = .
 *(.ARM.exidx*)
 .ARM.exidx     0x0800c6a4        0x8 C:/ST/STM32CubeIDE_1.18.0/STM32CubeIDE/plugins/com.st.stm32cube.ide.mcu.externaltools.gnu-tools-for-stm32.13.3.rel1.win32_1.0.100.202509120712/tools/bin/../lib/gcc/arm-none-eabi/13.3.1/../../../../arm-none-eabi/lib/thumb/v7e-m+dp/hard\libc_nano.a(libc_a-strlen.o)
 .ARM.exidx     0x0800c6ac        0x0 C:/ST/STM32CubeIDE_1.18.0/STM32CubeIDE/plugins/com.st.stm32cube.ide.mcu.externaltools.gnu-tools-for-stm32.13.3.rel1.win32_1.0.100.202509120712/tools/bin/../lib/gcc/arm-none-eabi/13.3.1/../../../../arm-none-eabi/lib/thumb/v7e-m+dp/hard\libc_nano.a(libc_a-memchr.o)
                                  0x8 (size before relaxing)
 .ARM.exidx     0x0800c6ac        0x0 C:/ST/STM32CubeIDE_1.18.0/STM32CubeIDE/plugins/com.st.stm32cube.ide.mcu.externaltools.gnu-tools-for-stm32.13.3.rel1.win32_1.0.100.202509120712/tools/bin/../lib/gcc/arm-none-eabi/13.3.1/thumb/v7e-m+dp/hard\libgcc.a(_udivmoddi4.o)
                                  0x8 (size before relaxing)
                0x0800c6ac                        __exidx_end = .

.preinit_array  0x0800c6ac        0x0
                0x0800c6ac                        PROVIDE (__preinit_array_start = .)
 *(.preinit_array*)
                0x0800c6ac                        PROVIDE (__preinit_array_end = .)

.init_array     0x0800c6ac        0x4
                0x0800c6ac                        PROVIDE (__init_array_start = .)
 *(SORT_BY_NAME(.init_array.*))
 *(.init_array*)
 .init_array    0x0800c6ac        0x4 C:/ST/STM32CubeIDE_1.18.0/STM32CubeIDE/plugins/com.st.stm32cube.ide.mcu.externaltools.gnu-tools-for-stm32.13.3.rel1.win32_1.0.100.202509120712/tools/bin/../lib/gcc/arm-none-eabi/13.3.1/thumb/v7e-m+dp/hard/crtbegin.o
                0x0800c6b0                        PROVIDE (__init_array_end = .)

.fini_array     0x0800c6b0        0x4
                [!provide]                        PROVIDE (__fini_array_start = .)
 *(SORT_BY_NAME(.fini_array.*))
 *(.fini_array*)
 .fini_array    0x0800c6b0        0x4 C:/ST/STM32CubeIDE_1.18.0/STM32CubeIDE/plugins/com.st.stm32cube.ide.mcu.externaltools.gnu-tools-for-stm32.13.3.rel1.win32_1.0.100.202509120712/tools/bin/../lib/gcc/arm-none-eabi/13.3.1/thumb/v7e-m+dp/hard/crtbegin.o
                [!provide]                        PROVIDE (__fini_array_end = .)
                0x0800c6b4                        _sidata = LOADADDR (.data)

.rel.dyn        0x0800c6b4        0x0
 .rel.iplt      0x0800c6b4        0x0 C:/ST/STM32CubeIDE_1.18.0/STM32CubeIDE/plugins/com.st.stm32cube.ide.mcu.externaltools.gnu-tools-for-stm32.13.3.rel1.win32_1.0.100.202509120712/tools/bin/../lib/gcc/arm-none-eabi/13.3.1/thumb/v7e-m+dp/hard/crtbegin.o

.data           0x24000000       0x78 load address 0x0800c6b4
                0x24000000                        . = ALIGN (0x4)
                0x24000000                        _sdata = .
 *(.data)
 *(.data*)
 .data.SystemCoreClock
                0x24000000        0x4 ./Core/Src/system_stm32h7xx.o
                0x24000000                SystemCoreClock
 .data.SystemD2Clock
                0x24000004        0x4 ./Core/Src/system_stm32h7xx.o
                0x24000004                SystemD2Clock
 .data.pid_controller
                0x24000008       0x18 ./Core/Src/drivers/adcs.o
 .data.uwTickPrio
                0x24000020        0x4 ./Drivers/STM32H7xx_HAL_Driver/Src/stm32h7xx_hal.o
                0x24000020                uwTickPrio
 .data.uwTickFreq
                0x24000024        0x1 ./Drivers/STM32H7xx_HAL_Driver/Src/stm32h7xx_hal.o
                0x24000024                uwTickFreq
 *fill*         0x24000025        0x3 
 .data._impure_ptr
                0x24000028        0x4 C:/ST/STM32CubeIDE_1.18.0/STM32CubeIDE/plugins/com.st.stm32cube.ide.mcu.externaltools.gnu-tools-for-stm32.13.3.rel1.win32_1.0.100.202509120712/tools/bin/../lib/gcc/arm-none-eabi/13.3.1/../../../../arm-none-eabi/lib/thumb/v7e-m+dp/hard\libc_nano.a(libc_a-impure.o)
                0x24000028                _impure_ptr
 .data._impure_data
                0x2400002c       0x4c C:/ST/STM32CubeIDE_1.18.0/STM32CubeIDE/plugins/com.st.stm32cube.ide.mcu.externaltools.gnu-tools-for-stm32.13.3.rel1.win32_1.0.100.202509120712/tools/bin/../lib/gcc/arm-none-eabi/13.3.1/../../../../arm-none-eabi/lib/thumb/v7e-m+dp/hard\libc_nano.a(libc_a-impure.o)
                0x2400002c                _impure_data
 *(.RamFunc)
 *(.RamFunc*)
                0x24000078                        . = ALIGN (0x4)
                0x24000078                        _edata = .

.igot.plt       0x24000078        0x0 load address 0x0800c72c
 .igot.plt      0x24000078        0x0 C:/ST/STM32CubeIDE_1.18.0/STM32CubeIDE/plugins/com.st.stm32cube.ide.mcu.externaltools.gnu-tools-for-stm32.13.3.rel1.win32_1.0.100.202509120712/tools/bin/../lib/gcc/arm-none-eabi/13.3.1/thumb/v7e-m+dp/hard/crtbegin.o
                0x24000078                        . = ALIGN (0x4)

.bss            0x24000078      0x99c load address 0x0800c72c
                0x24000078                        _sbss = .
                0x24000078                        __bss_start__ = _sbss
 *(.bss)
 .bss           0x24000078       0x1c C:/ST/STM32CubeIDE_1.18.0/STM32CubeIDE/plugins/com.st.stm32cube.ide.mcu.externaltools.gnu-tools-for-stm32.13.3.rel1.win32_1.0.100.202509120712/tools/bin/../lib/gcc/arm-none-eabi/13.3.1/thumb/v7e-m+dp/hard/crtbegin.o
 *(.bss*)
 .bss.hadc1     0x24000094       0x64 ./Core/Src/adc.o
                0x24000094                hadc1
 .bss.hadc2     0x240000f8       0x64 ./Core/Src/adc.o
                0x240000f8                hadc2
 .bss.hadc3     0x2400015c       0x64 ./Core/Src/adc.o
                0x2400015c                hadc3
 .bss.HAL_RCC_ADC12_CLK_ENABLED
                0x240001c0        0x4 ./Core/Src/adc.o
 .bss.hfdcan1   0x240001c4       0xa0 ./Core/Src/fdcan.o
                0x240001c4                hfdcan1
 .bss.hi2c1     0x24000264       0x54 ./Core/Src/i2c.o
                0x24000264                hi2c1
 .bss.hi2c3     0x240002b8       0x54 ./Core/Src/i2c.o
                0x240002b8                hi2c3
 .bss.satelite  0x2400030c       0x54 ./Core/Src/main.o
                0x2400030c                satelite
 .bss.velo      0x24000360        0x2 ./Core/Src/main.o
                0x24000360                velo
 *fill*         0x24000362        0x2 
 .bss.hqspi     0x24000364       0x4c ./Core/Src/quadspi.o
                0x24000364                hqspi
 .bss.hspi1     0x240003b0       0x88 ./Core/Src/spi.o
                0x240003b0                hspi1
 .bss.hspi4     0x24000438       0x88 ./Core/Src/spi.o
                0x24000438                hspi4
 .bss.__sbrk_heap_end
                0x240004c0        0x4 ./Core/Src/sysmem.o
 .bss.huart4    0x240004c4       0x94 ./Core/Src/usart.o
                0x240004c4                huart4
 .bss.huart5    0x24000558       0x94 ./Core/Src/usart.o
                0x24000558                huart5
 .bss.huart8    0x240005ec       0x94 ./Core/Src/usart.o
                0x240005ec                huart8
 .bss.huart3    0x24000680       0x94 ./Core/Src/usart.o
                0x24000680                huart3
 .bss.imu       0x24000714       0x50 ./Core/Src/drivers/adcs.o
 .bss.bmi088_initialized
                0x24000764        0x1 ./Core/Src/drivers/adcs.o
 *fill*         0x24000765        0x3 
 .bss.adcs_state
                0x24000768        0x6 ./Core/Src/drivers/adcs.o
 *fill*         0x2400076e        0x2 
 .bss.RxHeader  0x24000770       0x28 ./Core/Src/drivers/can_driver.o
 .bss.RxBuffer  0x24000798        0x8 ./Core/Src/drivers/can_driver.o
 .bss.msg_received
                0x240007a0        0x1 ./Core/Src/drivers/can_driver.o
 *fill*         0x240007a1        0x3 
 .bss.rx_buffer
                0x240007a4      0x10a ./Core/Src/drivers/uart_protocol.o
 *fill*         0x240008ae        0x2 
 .bss.mission_results
                0x240008b0       0x18 ./Core/Src/drivers/uart_protocol.o
 .bss.uwTick    0x240008c8        0x4 ./Drivers/STM32H7xx_HAL_Driver/Src/stm32h7xx_hal.o
                0x240008c8                uwTick
 .bss.__sf      0x240008cc      0x138 C:/ST/STM32CubeIDE_1.18.0/STM32CubeIDE/plugins/com.st.stm32cube.ide.mcu.externaltools.gnu-tools-for-stm32.13.3.rel1.win32_1.0.100.202509120712/tools/bin/../lib/gcc/arm-none-eabi/13.3.1/../../../../arm-none-eabi/lib/thumb/v7e-m+dp/hard\libc_nano.a(libc_a-findfp.o)
                0x240008cc                __sf
 .bss.errno     0x24000a04        0x4 C:/ST/STM32CubeIDE_1.18.0/STM32CubeIDE/plugins/com.st.stm32cube.ide.mcu.externaltools.gnu-tools-for-stm32.13.3.rel1.win32_1.0.100.202509120712/tools/bin/../lib/gcc/arm-none-eabi/13.3.1/../../../../arm-none-eabi/lib/thumb/v7e-m+dp/hard\libc_nano.a(libc_a-reent.o)
                0x24000a04                errno
 .bss.__lock___malloc_recursive_mutex
                0x24000a08        0x1 C:/ST/STM32CubeIDE_1.18.0/STM32CubeIDE/plugins/com.st.stm32cube.ide.mcu.externaltools.gnu-tools-for-stm32.13.3.rel1.win32_1.0.100.202509120712/tools/bin/../lib/gcc/arm-none-eabi/13.3.1/../../../../arm-none-eabi/lib/thumb/v7e-m+dp/hard\libc_nano.a(libc_a-lock.o)
                0x24000a08                __lock___malloc_recursive_mutex
 *fill*         0x24000a09        0x3 
 .bss.__malloc_sbrk_start
                0x24000a0c        0x4 C:/ST/STM32CubeIDE_1.18.0/STM32CubeIDE/plugins/com.st.stm32cube.ide.mcu.externaltools.gnu-tools-for-stm32.13.3.rel1.win32_1.0.100.202509120712/tools/bin/../lib/gcc/arm-none-eabi/13.3.1/../../../../arm-none-eabi/lib/thumb/v7e-m+dp/hard\libc_nano.a(libc_a-mallocr.o)
                0x24000a0c                __malloc_sbrk_start
 .bss.__malloc_free_list
                0x24000a10        0x4 C:/ST/STM32CubeIDE_1.18.0/STM32CubeIDE/plugins/com.st.stm32cube.ide.mcu.externaltools.gnu-tools-for-stm32.13.3.rel1.win32_1.0.100.202509120712/tools/bin/../lib/gcc/arm-none-eabi/13.3.1/../../../../arm-none-eabi/lib/thumb/v7e-m+dp/hard\libc_nano.a(libc_a-mallocr.o)
                0x24000a10                __malloc_free_list
 *(COMMON)
                0x24000a14                        . = ALIGN (0x4)
                0x24000a14                        _ebss = .
                0x24000a14                        __bss_end__ = _ebss

._user_heap_stack
                0x24000a14      0x604 load address 0x0800c72c
                0x24000a18                        . = ALIGN (0x8)
 *fill*         0x24000a14        0x4 
                [!provide]                        PROVIDE (end = .)
                0x24000a18                        PROVIDE (_end = .)
                0x24000c18                        . = (. + _Min_Heap_Size)
 *fill*         0x24000a18      0x200 
                0x24001018                        . = (. + _Min_Stack_Size)
 *fill*         0x24000c18      0x400 
                0x24001018                        . = ALIGN (0x8)

/DISCARD/
 libc.a(*)
 libm.a(*)
 libgcc.a(*)

.ARM.attributes
                0x00000000       0x2e
 *(.ARM.attributes)
 .ARM.attributes
                0x00000000       0x20 C:/ST/STM32CubeIDE_1.18.0/STM32CubeIDE/plugins/com.st.stm32cube.ide.mcu.externaltools.gnu-tools-for-stm32.13.3.rel1.win32_1.0.100.202509120712/tools/bin/../lib/gcc/arm-none-eabi/13.3.1/thumb/v7e-m+dp/hard/crti.o
 .ARM.attributes
                0x00000020       0x32 C:/ST/STM32CubeIDE_1.18.0/STM32CubeIDE/plugins/com.st.stm32cube.ide.mcu.externaltools.gnu-tools-for-stm32.13.3.rel1.win32_1.0.100.202509120712/tools/bin/../lib/gcc/arm-none-eabi/13.3.1/thumb/v7e-m+dp/hard/crtbegin.o
 .ARM.attributes
                0x00000052       0x32 ./Core/Src/SolarTracker.o
 .ARM.attributes
                0x00000084       0x32 ./Core/Src/adc.o
 .ARM.attributes
                0x000000b6       0x32 ./Core/Src/fdcan.o
 .ARM.attributes
                0x000000e8       0x32 ./Core/Src/gpio.o
 .ARM.attributes
                0x0000011a       0x32 ./Core/Src/i2c.o
 .ARM.attributes
                0x0000014c       0x32 ./Core/Src/main.o
 .ARM.attributes
                0x0000017e       0x32 ./Core/Src/quadspi.o
 .ARM.attributes
                0x000001b0       0x32 ./Core/Src/spi.o
 .ARM.attributes
                0x000001e2       0x32 ./Core/Src/stm32h7xx_hal_msp.o
 .ARM.attributes
                0x00000214       0x32 ./Core/Src/stm32h7xx_it.o
 .ARM.attributes
                0x00000246       0x32 ./Core/Src/sysmem.o
 .ARM.attributes
                0x00000278       0x32 ./Core/Src/system_stm32h7xx.o
 .ARM.attributes
                0x000002aa       0x32 ./Core/Src/usart.o
 .ARM.attributes
                0x000002dc       0x32 ./Core/Src/drivers/BMI088.o
 .ARM.attributes
                0x0000030e       0x32 ./Core/Src/drivers/adcs.o
 .ARM.attributes
                0x00000340       0x32 ./Core/Src/drivers/can_driver.o
 .ARM.attributes
                0x00000372       0x32 ./Core/Src/drivers/uart_protocol.o
 .ARM.attributes
                0x000003a4       0x21 ./Core/Startup/startup_stm32h743iitx.o
 .ARM.attributes
                0x000003c5       0x32 ./Drivers/STM32H7xx_HAL_Driver/Src/stm32h7xx_hal.o
 .ARM.attributes
                0x000003f7       0x32 ./Drivers/STM32H7xx_HAL_Driver/Src/stm32h7xx_hal_adc.o
 .ARM.attributes
                0x00000429       0x32 ./Drivers/STM32H7xx_HAL_Driver/Src/stm32h7xx_hal_adc_ex.o
 .ARM.attributes
                0x0000045b       0x32 ./Drivers/STM32H7xx_HAL_Driver/Src/stm32h7xx_hal_cortex.o
 .ARM.attributes
                0x0000048d       0x32 ./Drivers/STM32H7xx_HAL_Driver/Src/stm32h7xx_hal_fdcan.o
 .ARM.attributes
                0x000004bf       0x32 ./Drivers/STM32H7xx_HAL_Driver/Src/stm32h7xx_hal_gpio.o
 .ARM.attributes
                0x000004f1       0x32 ./Drivers/STM32H7xx_HAL_Driver/Src/stm32h7xx_hal_i2c.o
 .ARM.attributes
                0x00000523       0x32 ./Drivers/STM32H7xx_HAL_Driver/Src/stm32h7xx_hal_i2c_ex.o
 .ARM.attributes
                0x00000555       0x32 ./Drivers/STM32H7xx_HAL_Driver/Src/stm32h7xx_hal_pwr_ex.o
 .ARM.attributes
                0x00000587       0x32 ./Drivers/STM32H7xx_HAL_Driver/Src/stm32h7xx_hal_qspi.o
 .ARM.attributes
                0x000005b9       0x32 ./Drivers/STM32H7xx_HAL_Driver/Src/stm32h7xx_hal_rcc.o
 .ARM.attributes
                0x000005eb       0x32 ./Drivers/STM32H7xx_HAL_Driver/Src/stm32h7xx_hal_rcc_ex.o
 .ARM.attributes
                0x0000061d       0x32 ./Drivers/STM32H7xx_HAL_Driver/Src/stm32h7xx_hal_spi.o
 .ARM.attributes
                0x0000064f       0x32 ./Drivers/STM32H7xx_HAL_Driver/Src/stm32h7xx_hal_uart.o
 .ARM.attributes
                0x00000681       0x32 ./Drivers/STM32H7xx_HAL_Driver/Src/stm32h7xx_hal_uart_ex.o
 .ARM.attributes
                0x000006b3       0x32 C:/ST/STM32CubeIDE_1.18.0/STM32CubeIDE/plugins/com.st.stm32cube.ide.mcu.externaltools.gnu-tools-for-stm32.13.3.rel1.win32_1.0.100.202509120712/tools/bin/../lib/gcc/arm-none-eabi/13.3.1/../../../../arm-none-eabi/lib/thumb/v7e-m+dp/hard\libc_nano.a(libc_a-findfp.o)
 .ARM.attributes
                0x000006e5       0x32 C:/ST/STM32CubeIDE_1.18.0/STM32CubeIDE/plugins/com.st.stm32cube.ide.mcu.externaltools.gnu-tools-for-stm32.13.3.rel1.win32_1.0.100.202509120712/tools/bin/../lib/gcc/arm-none-eabi/13.3.1/../../../../arm-none-eabi/lib/thumb/v7e-m+dp/hard\libc_nano.a(libc_a-snprintf.o)
 .ARM.attributes
                0x00000717       0x32 C:/ST/STM32CubeIDE_1.18.0/STM32CubeIDE/plugins/com.st.stm32cube.ide.mcu.externaltools.gnu-tools-for-stm32.13.3.rel1.win32_1.0.100.202509120712/tools/bin/../lib/gcc/arm-none-eabi/13.3.1/../../../../arm-none-eabi/lib/thumb/v7e-m+dp/hard\libc_nano.a(libc_a-memset.o)
 .ARM.attributes
                0x00000749       0x32 C:/ST/STM32CubeIDE_1.18.0/STM32CubeIDE/plugins/com.st.stm32cube.ide.mcu.externaltools.gnu-tools-for-stm32.13.3.rel1.win32_1.0.100.202509120712/tools/bin/../lib/gcc/arm-none-eabi/13.3.1/../../../../arm-none-eabi/lib/thumb/v7e-m+dp/hard\libc_nano.a(libc_a-reent.o)
 .ARM.attributes
                0x0000077b       0x32 C:/ST/STM32CubeIDE_1.18.0/STM32CubeIDE/plugins/com.st.stm32cube.ide.mcu.externaltools.gnu-tools-for-stm32.13.3.rel1.win32_1.0.100.202509120712/tools/bin/../lib/gcc/arm-none-eabi/13.3.1/../../../../arm-none-eabi/lib/thumb/v7e-m+dp/hard\libc_nano.a(libc_a-impure.o)
 .ARM.attributes
                0x000007ad       0x32 C:/ST/STM32CubeIDE_1.18.0/STM32CubeIDE/plugins/com.st.stm32cube.ide.mcu.externaltools.gnu-tools-for-stm32.13.3.rel1.win32_1.0.100.202509120712/tools/bin/../lib/gcc/arm-none-eabi/13.3.1/../../../../arm-none-eabi/lib/thumb/v7e-m+dp/hard\libc_nano.a(libc_a-errno.o)
 .ARM.attributes
                0x000007df       0x32 C:/ST/STM32CubeIDE_1.18.0/STM32CubeIDE/plugins/com.st.stm32cube.ide.mcu.externaltools.gnu-tools-for-stm32.13.3.rel1.win32_1.0.100.202509120712/tools/bin/../lib/gcc/arm-none-eabi/13.3.1/../../../../arm-none-eabi/lib/thumb/v7e-m+dp/hard\libc_nano.a(libc_a-init.o)
 .ARM.attributes
                0x00000811       0x32 C:/ST/STM32CubeIDE_1.18.0/STM32CubeIDE/plugins/com.st.stm32cube.ide.mcu.externaltools.gnu-tools-for-stm32.13.3.rel1.win32_1.0.100.202509120712/tools/bin/../lib/gcc/arm-none-eabi/13.3.1/../../../../arm-none-eabi/lib/thumb/v7e-m+dp/hard\libc_nano.a(libc_a-lock.o)
 .ARM.attributes
                0x00000843       0x32 C:/ST/STM32CubeIDE_1.18.0/STM32CubeIDE/plugins/com.st.stm32cube.ide.mcu.externaltools.gnu-tools-for-stm32.13.3.rel1.win32_1.0.100.202509120712/tools/bin/../lib/gcc/arm-none-eabi/13.3.1/../../../../arm-none-eabi/lib/thumb/v7e-m+dp/hard\libc_nano.a(libc_a-memcpy-stub.o)
 .ARM.attributes
                0x00000875       0x17 C:/ST/STM32CubeIDE_1.18.0/STM32CubeIDE/plugins/com.st.stm32cube.ide.mcu.externaltools.gnu-tools-for-stm32.13.3.rel1.win32_1.0.100.202509120712/tools/bin/../lib/gcc/arm-none-eabi/13.3.1/../../../../arm-none-eabi/lib/thumb/v7e-m+dp/hard\libc_nano.a(libc_a-strlen.o)
 .ARM.attributes
                0x0000088c       0x32 C:/ST/STM32CubeIDE_1.18.0/STM32CubeIDE/plugins/com.st.stm32cube.ide.mcu.externaltools.gnu-tools-for-stm32.13.3.rel1.win32_1.0.100.202509120712/tools/bin/../lib/gcc/arm-none-eabi/13.3.1/../../../../arm-none-eabi/lib/thumb/v7e-m+dp/hard\libc_nano.a(libc_a-freer.o)
 .ARM.attributes
                0x000008be       0x32 C:/ST/STM32CubeIDE_1.18.0/STM32CubeIDE/plugins/com.st.stm32cube.ide.mcu.externaltools.gnu-tools-for-stm32.13.3.rel1.win32_1.0.100.202509120712/tools/bin/../lib/gcc/arm-none-eabi/13.3.1/../../../../arm-none-eabi/lib/thumb/v7e-m+dp/hard\libc_nano.a(libc_a-mallocr.o)
 .ARM.attributes
                0x000008f0       0x32 C:/ST/STM32CubeIDE_1.18.0/STM32CubeIDE/plugins/com.st.stm32cube.ide.mcu.externaltools.gnu-tools-for-stm32.13.3.rel1.win32_1.0.100.202509120712/tools/bin/../lib/gcc/arm-none-eabi/13.3.1/../../../../arm-none-eabi/lib/thumb/v7e-m+dp/hard\libc_nano.a(libc_a-mlock.o)
 .ARM.attributes
                0x00000922       0x32 C:/ST/STM32CubeIDE_1.18.0/STM32CubeIDE/plugins/com.st.stm32cube.ide.mcu.externaltools.gnu-tools-for-stm32.13.3.rel1.win32_1.0.100.202509120712/tools/bin/../lib/gcc/arm-none-eabi/13.3.1/../../../../arm-none-eabi/lib/thumb/v7e-m+dp/hard\libc_nano.a(libc_a-nano-svfprintf.o)
 .ARM.attributes
                0x00000954       0x32 C:/ST/STM32CubeIDE_1.18.0/STM32CubeIDE/plugins/com.st.stm32cube.ide.mcu.externaltools.gnu-tools-for-stm32.13.3.rel1.win32_1.0.100.202509120712/tools/bin/../lib/gcc/arm-none-eabi/13.3.1/../../../../arm-none-eabi/lib/thumb/v7e-m+dp/hard\libc_nano.a(libc_a-nano-vfprintf_i.o)
 .ARM.attributes
                0x00000986       0x32 C:/ST/STM32CubeIDE_1.18.0/STM32CubeIDE/plugins/com.st.stm32cube.ide.mcu.externaltools.gnu-tools-for-stm32.13.3.rel1.win32_1.0.100.202509120712/tools/bin/../lib/gcc/arm-none-eabi/13.3.1/../../../../arm-none-eabi/lib/thumb/v7e-m+dp/hard\libc_nano.a(libc_a-memmove.o)
 .ARM.attributes
                0x000009b8       0x32 C:/ST/STM32CubeIDE_1.18.0/STM32CubeIDE/plugins/com.st.stm32cube.ide.mcu.externaltools.gnu-tools-for-stm32.13.3.rel1.win32_1.0.100.202509120712/tools/bin/../lib/gcc/arm-none-eabi/13.3.1/../../../../arm-none-eabi/lib/thumb/v7e-m+dp/hard\libc_nano.a(libc_a-sbrkr.o)
 .ARM.attributes
                0x000009ea       0x1c C:/ST/STM32CubeIDE_1.18.0/STM32CubeIDE/plugins/com.st.stm32cube.ide.mcu.externaltools.gnu-tools-for-stm32.13.3.rel1.win32_1.0.100.202509120712/tools/bin/../lib/gcc/arm-none-eabi/13.3.1/../../../../arm-none-eabi/lib/thumb/v7e-m+dp/hard\libc_nano.a(libc_a-memchr.o)
 .ARM.attributes
                0x00000a06       0x32 C:/ST/STM32CubeIDE_1.18.0/STM32CubeIDE/plugins/com.st.stm32cube.ide.mcu.externaltools.gnu-tools-for-stm32.13.3.rel1.win32_1.0.100.202509120712/tools/bin/../lib/gcc/arm-none-eabi/13.3.1/../../../../arm-none-eabi/lib/thumb/v7e-m+dp/hard\libc_nano.a(libc_a-reallocr.o)
 .ARM.attributes
                0x00000a38       0x32 C:/ST/STM32CubeIDE_1.18.0/STM32CubeIDE/plugins/com.st.stm32cube.ide.mcu.externaltools.gnu-tools-for-stm32.13.3.rel1.win32_1.0.100.202509120712/tools/bin/../lib/gcc/arm-none-eabi/13.3.1/../../../../arm-none-eabi/lib/thumb/v7e-m+dp/hard\libc_nano.a(libc_a-msizer.o)
 .ARM.attributes
                0x00000a6a       0x20 C:/ST/STM32CubeIDE_1.18.0/STM32CubeIDE/plugins/com.st.stm32cube.ide.mcu.externaltools.gnu-tools-for-stm32.13.3.rel1.win32_1.0.100.202509120712/tools/bin/../lib/gcc/arm-none-eabi/13.3.1/thumb/v7e-m+dp/hard\libgcc.a(_aeabi_uldivmod.o)
 .ARM.attributes
                0x00000a8a       0x32 C:/ST/STM32CubeIDE_1.18.0/STM32CubeIDE/plugins/com.st.stm32cube.ide.mcu.externaltools.gnu-tools-for-stm32.13.3.rel1.win32_1.0.100.202509120712/tools/bin/../lib/gcc/arm-none-eabi/13.3.1/thumb/v7e-m+dp/hard\libgcc.a(_udivmoddi4.o)
 .ARM.attributes
                0x00000abc       0x20 C:/ST/STM32CubeIDE_1.18.0/STM32CubeIDE/plugins/com.st.stm32cube.ide.mcu.externaltools.gnu-tools-for-stm32.13.3.rel1.win32_1.0.100.202509120712/tools/bin/../lib/gcc/arm-none-eabi/13.3.1/thumb/v7e-m+dp/hard\libgcc.a(_dvmd_tls.o)
 .ARM.attributes
                0x00000adc       0x20 C:/ST/STM32CubeIDE_1.18.0/STM32CubeIDE/plugins/com.st.stm32cube.ide.mcu.externaltools.gnu-tools-for-stm32.13.3.rel1.win32_1.0.100.202509120712/tools/bin/../lib/gcc/arm-none-eabi/13.3.1/thumb/v7e-m+dp/hard/crtn.o
OUTPUT(CDH_ROUTINES.elf elf32-littlearm)
LOAD linker stubs
LOAD C:/ST/STM32CubeIDE_1.18.0/STM32CubeIDE/plugins/com.st.stm32cube.ide.mcu.externaltools.gnu-tools-for-stm32.13.3.rel1.win32_1.0.100.202509120712/tools/bin/../lib/gcc/arm-none-eabi/13.3.1/../../../../arm-none-eabi/lib/thumb/v7e-m+dp/hard\libc.a
LOAD C:/ST/STM32CubeIDE_1.18.0/STM32CubeIDE/plugins/com.st.stm32cube.ide.mcu.externaltools.gnu-tools-for-stm32.13.3.rel1.win32_1.0.100.202509120712/tools/bin/../lib/gcc/arm-none-eabi/13.3.1/../../../../arm-none-eabi/lib/thumb/v7e-m+dp/hard\libm.a
LOAD C:/ST/STM32CubeIDE_1.18.0/STM32CubeIDE/plugins/com.st.stm32cube.ide.mcu.externaltools.gnu-tools-for-stm32.13.3.rel1.win32_1.0.100.202509120712/tools/bin/../lib/gcc/arm-none-eabi/13.3.1/thumb/v7e-m+dp/hard\libgcc.a

.debug_info     0x00000000    0x25f9e
 .debug_info    0x00000000      0x352 ./Core/Src/SolarTracker.o
 .debug_info    0x00000352     0x10a3 ./Core/Src/adc.o
 .debug_info    0x000013f5     0x1601 ./Core/Src/fdcan.o
 .debug_info    0x000029f6      0x6d8 ./Core/Src/gpio.o
 .debug_info    0x000030ce     0x1051 ./Core/Src/i2c.o
 .debug_info    0x0000411f     0x1757 ./Core/Src/main.o
 .debug_info    0x00005876     0x1015 ./Core/Src/quadspi.o
 .debug_info    0x0000688b     0x10ea ./Core/Src/spi.o
 .debug_info    0x00007975      0x464 ./Core/Src/stm32h7xx_hal_msp.o
 .debug_info    0x00007dd9      0x8dd ./Core/Src/stm32h7xx_it.o
 .debug_info    0x000086b6      0x168 ./Core/Src/sysmem.o
 .debug_info    0x0000881e      0xdb2 ./Core/Src/system_stm32h7xx.o
 .debug_info    0x000095d0     0x11d7 ./Core/Src/usart.o
 .debug_info    0x0000a7a7      0xea9 ./Core/Src/drivers/BMI088.o
 .debug_info    0x0000b650     0x1288 ./Core/Src/drivers/adcs.o
 .debug_info    0x0000c8d8      0xc03 ./Core/Src/drivers/can_driver.o
 .debug_info    0x0000d4db      0xda9 ./Core/Src/drivers/uart_protocol.o
 .debug_info    0x0000e284       0x30 ./Core/Startup/startup_stm32h743iitx.o
 .debug_info    0x0000e2b4     0x153b ./Drivers/STM32H7xx_HAL_Driver/Src/stm32h7xx_hal.o
 .debug_info    0x0000f7ef     0x1d84 ./Drivers/STM32H7xx_HAL_Driver/Src/stm32h7xx_hal_adc.o
 .debug_info    0x00011573     0x1ea5 ./Drivers/STM32H7xx_HAL_Driver/Src/stm32h7xx_hal_adc_ex.o
 .debug_info    0x00013418     0x10b1 ./Drivers/STM32H7xx_HAL_Driver/Src/stm32h7xx_hal_cortex.o
 .debug_info    0x000144c9     0x2baf ./Drivers/STM32H7xx_HAL_Driver/Src/stm32h7xx_hal_fdcan.o
 .debug_info    0x00017078      0xc5a ./Drivers/STM32H7xx_HAL_Driver/Src/stm32h7xx_hal_gpio.o
 .debug_info    0x00017cd2     0x22c9 ./Drivers/STM32H7xx_HAL_Driver/Src/stm32h7xx_hal_i2c.o
 .debug_info    0x00019f9b      0xd84 ./Drivers/STM32H7xx_HAL_Driver/Src/stm32h7xx_hal_i2c_ex.o
 .debug_info    0x0001ad1f     0x1012 ./Drivers/STM32H7xx_HAL_Driver/Src/stm32h7xx_hal_pwr_ex.o
 .debug_info    0x0001bd31     0x12b8 ./Drivers/STM32H7xx_HAL_Driver/Src/stm32h7xx_hal_qspi.o
 .debug_info    0x0001cfe9      0xe6a ./Drivers/STM32H7xx_HAL_Driver/Src/stm32h7xx_hal_rcc.o
 .debug_info    0x0001de53     0x1225 ./Drivers/STM32H7xx_HAL_Driver/Src/stm32h7xx_hal_rcc_ex.o
 .debug_info    0x0001f078     0x144a ./Drivers/STM32H7xx_HAL_Driver/Src/stm32h7xx_hal_spi.o
 .debug_info    0x000204c2     0x4b1d ./Drivers/STM32H7xx_HAL_Driver/Src/stm32h7xx_hal_uart.o
 .debug_info    0x00024fdf      0xfbf ./Drivers/STM32H7xx_HAL_Driver/Src/stm32h7xx_hal_uart_ex.o

.debug_abbrev   0x00000000     0x4953
 .debug_abbrev  0x00000000      0x159 ./Core/Src/SolarTracker.o
 .debug_abbrev  0x00000159      0x268 ./Core/Src/adc.o
 .debug_abbrev  0x000003c1      0x20f ./Core/Src/fdcan.o
 .debug_abbrev  0x000005d0      0x189 ./Core/Src/gpio.o
 .debug_abbrev  0x00000759      0x252 ./Core/Src/i2c.o
 .debug_abbrev  0x000009ab      0x2d5 ./Core/Src/main.o
 .debug_abbrev  0x00000c80      0x226 ./Core/Src/quadspi.o
 .debug_abbrev  0x00000ea6      0x22f ./Core/Src/spi.o
 .debug_abbrev  0x000010d5       0xdb ./Core/Src/stm32h7xx_hal_msp.o
 .debug_abbrev  0x000011b0      0x17d ./Core/Src/stm32h7xx_it.o
 .debug_abbrev  0x0000132d       0xbc ./Core/Src/sysmem.o
 .debug_abbrev  0x000013e9      0x165 ./Core/Src/system_stm32h7xx.o
 .debug_abbrev  0x0000154e      0x283 ./Core/Src/usart.o
 .debug_abbrev  0x000017d1      0x223 ./Core/Src/drivers/BMI088.o
 .debug_abbrev  0x000019f4      0x28b ./Core/Src/drivers/adcs.o
 .debug_abbrev  0x00001c7f      0x242 ./Core/Src/drivers/can_driver.o
 .debug_abbrev  0x00001ec1      0x2f1 ./Core/Src/drivers/uart_protocol.o
 .debug_abbrev  0x000021b2       0x24 ./Core/Startup/startup_stm32h743iitx.o
 .debug_abbrev  0x000021d6      0x295 ./Drivers/STM32H7xx_HAL_Driver/Src/stm32h7xx_hal.o
 .debug_abbrev  0x0000246b      0x2d1 ./Drivers/STM32H7xx_HAL_Driver/Src/stm32h7xx_hal_adc.o
 .debug_abbrev  0x0000273c      0x31a ./Drivers/STM32H7xx_HAL_Driver/Src/stm32h7xx_hal_adc_ex.o
 .debug_abbrev  0x00002a56      0x339 ./Drivers/STM32H7xx_HAL_Driver/Src/stm32h7xx_hal_cortex.o
 .debug_abbrev  0x00002d8f      0x288 ./Drivers/STM32H7xx_HAL_Driver/Src/stm32h7xx_hal_fdcan.o
 .debug_abbrev  0x00003017      0x205 ./Drivers/STM32H7xx_HAL_Driver/Src/stm32h7xx_hal_gpio.o
 .debug_abbrev  0x0000321c      0x25d ./Drivers/STM32H7xx_HAL_Driver/Src/stm32h7xx_hal_i2c.o
 .debug_abbrev  0x00003479      0x1f5 ./Drivers/STM32H7xx_HAL_Driver/Src/stm32h7xx_hal_i2c_ex.o
 .debug_abbrev  0x0000366e      0x2a7 ./Drivers/STM32H7xx_HAL_Driver/Src/stm32h7xx_hal_pwr_ex.o
 .debug_abbrev  0x00003915      0x24d ./Drivers/STM32H7xx_HAL_Driver/Src/stm32h7xx_hal_qspi.o
 .debug_abbrev  0x00003b62      0x2c8 ./Drivers/STM32H7xx_HAL_Driver/Src/stm32h7xx_hal_rcc.o
 .debug_abbrev  0x00003e2a      0x269 ./Drivers/STM32H7xx_HAL_Driver/Src/stm32h7xx_hal_rcc_ex.o
 .debug_abbrev  0x00004093      0x2b1 ./Drivers/STM32H7xx_HAL_Driver/Src/stm32h7xx_hal_spi.o
 .debug_abbrev  0x00004344      0x33d ./Drivers/STM32H7xx_HAL_Driver/Src/stm32h7xx_hal_uart.o
 .debug_abbrev  0x00004681      0x2d2 ./Drivers/STM32H7xx_HAL_Driver/Src/stm32h7xx_hal_uart_ex.o

.debug_aranges  0x00000000     0x1a98
 .debug_aranges
                0x00000000       0x30 ./Core/Src/SolarTracker.o
 .debug_aranges
                0x00000030       0x40 ./Core/Src/adc.o
 .debug_aranges
                0x00000070       0x30 ./Core/Src/fdcan.o
 .debug_aranges
                0x000000a0       0x20 ./Core/Src/gpio.o
 .debug_aranges
                0x000000c0       0x38 ./Core/Src/i2c.o
 .debug_aranges
                0x000000f8       0x38 ./Core/Src/main.o
 .debug_aranges
                0x00000130       0x30 ./Core/Src/quadspi.o
 .debug_aranges
                0x00000160       0x38 ./Core/Src/spi.o
 .debug_aranges
                0x00000198       0x20 ./Core/Src/stm32h7xx_hal_msp.o
 .debug_aranges
                0x000001b8       0x68 ./Core/Src/stm32h7xx_it.o
 .debug_aranges
                0x00000220       0x20 ./Core/Src/sysmem.o
 .debug_aranges
                0x00000240       0x30 ./Core/Src/system_stm32h7xx.o
 .debug_aranges
                0x00000270       0x48 ./Core/Src/usart.o
 .debug_aranges
                0x000002b8       0x70 ./Core/Src/drivers/BMI088.o
 .debug_aranges
                0x00000328       0x80 ./Core/Src/drivers/adcs.o
 .debug_aranges
                0x000003a8       0x38 ./Core/Src/drivers/can_driver.o
 .debug_aranges
                0x000003e0       0x88 ./Core/Src/drivers/uart_protocol.o
 .debug_aranges
                0x00000468       0x28 ./Core/Startup/startup_stm32h743iitx.o
 .debug_aranges
                0x00000490      0x198 ./Drivers/STM32H7xx_HAL_Driver/Src/stm32h7xx_hal.o
 .debug_aranges
                0x00000628      0x230 ./Drivers/STM32H7xx_HAL_Driver/Src/stm32h7xx_hal_adc.o
 .debug_aranges
                0x00000858      0x1e0 ./Drivers/STM32H7xx_HAL_Driver/Src/stm32h7xx_hal_adc_ex.o
 .debug_aranges
                0x00000a38      0x130 ./Drivers/STM32H7xx_HAL_Driver/Src/stm32h7xx_hal_cortex.o
 .debug_aranges
                0x00000b68      0x338 ./Drivers/STM32H7xx_HAL_Driver/Src/stm32h7xx_hal_fdcan.o
 .debug_aranges
                0x00000ea0       0x58 ./Drivers/STM32H7xx_HAL_Driver/Src/stm32h7xx_hal_gpio.o
 .debug_aranges
                0x00000ef8      0x2a0 ./Drivers/STM32H7xx_HAL_Driver/Src/stm32h7xx_hal_i2c.o
 .debug_aranges
                0x00001198       0x48 ./Drivers/STM32H7xx_HAL_Driver/Src/stm32h7xx_hal_i2c_ex.o
 .debug_aranges
                0x000011e0      0x158 ./Drivers/STM32H7xx_HAL_Driver/Src/stm32h7xx_hal_pwr_ex.o
 .debug_aranges
                0x00001338      0x148 ./Drivers/STM32H7xx_HAL_Driver/Src/stm32h7xx_hal_qspi.o
 .debug_aranges
                0x00001480       0x88 ./Drivers/STM32H7xx_HAL_Driver/Src/stm32h7xx_hal_rcc.o
 .debug_aranges
                0x00001508       0xf8 ./Drivers/STM32H7xx_HAL_Driver/Src/stm32h7xx_hal_rcc_ex.o
 .debug_aranges
                0x00001600      0x1a8 ./Drivers/STM32H7xx_HAL_Driver/Src/stm32h7xx_hal_spi.o
 .debug_aranges
                0x000017a8      0x248 ./Drivers/STM32H7xx_HAL_Driver/Src/stm32h7xx_hal_uart.o
 .debug_aranges
                0x000019f0       0xa8 ./Drivers/STM32H7xx_HAL_Driver/Src/stm32h7xx_hal_uart_ex.o

.debug_rnglists
                0x00000000     0x1486
 .debug_rnglists
                0x00000000       0x20 ./Core/Src/SolarTracker.o
 .debug_rnglists
                0x00000020       0x30 ./Core/Src/adc.o
 .debug_rnglists
                0x00000050       0x21 ./Core/Src/fdcan.o
 .debug_rnglists
                0x00000071       0x14 ./Core/Src/gpio.o
 .debug_rnglists
                0x00000085       0x29 ./Core/Src/i2c.o
 .debug_rnglists
                0x000000ae       0x27 ./Core/Src/main.o
 .debug_rnglists
                0x000000d5       0x20 ./Core/Src/quadspi.o
 .debug_rnglists
                0x000000f5       0x28 ./Core/Src/spi.o
 .debug_rnglists
                0x0000011d       0x13 ./Core/Src/stm32h7xx_hal_msp.o
 .debug_rnglists
                0x00000130       0x49 ./Core/Src/stm32h7xx_it.o
 .debug_rnglists
                0x00000179       0x13 ./Core/Src/sysmem.o
 .debug_rnglists
                0x0000018c       0x21 ./Core/Src/system_stm32h7xx.o
 .debug_rnglists
                0x000001ad       0x37 ./Core/Src/usart.o
 .debug_rnglists
                0x000001e4       0x54 ./Core/Src/drivers/BMI088.o
 .debug_rnglists
                0x00000238       0x60 ./Core/Src/drivers/adcs.o
 .debug_rnglists
                0x00000298       0x25 ./Core/Src/drivers/can_driver.o
 .debug_rnglists
                0x000002bd       0x65 ./Core/Src/drivers/uart_protocol.o
 .debug_rnglists
                0x00000322       0x19 ./Core/Startup/startup_stm32h743iitx.o
 .debug_rnglists
                0x0000033b      0x131 ./Drivers/STM32H7xx_HAL_Driver/Src/stm32h7xx_hal.o
 .debug_rnglists
                0x0000046c      0x1af ./Drivers/STM32H7xx_HAL_Driver/Src/stm32h7xx_hal_adc.o
 .debug_rnglists
                0x0000061b      0x175 ./Drivers/STM32H7xx_HAL_Driver/Src/stm32h7xx_hal_adc_ex.o
 .debug_rnglists
                0x00000790       0xe0 ./Drivers/STM32H7xx_HAL_Driver/Src/stm32h7xx_hal_cortex.o
 .debug_rnglists
                0x00000870      0x28b ./Drivers/STM32H7xx_HAL_Driver/Src/stm32h7xx_hal_fdcan.o
 .debug_rnglists
                0x00000afb       0x3f ./Drivers/STM32H7xx_HAL_Driver/Src/stm32h7xx_hal_gpio.o
 .debug_rnglists
                0x00000b3a      0x22a ./Drivers/STM32H7xx_HAL_Driver/Src/stm32h7xx_hal_i2c.o
 .debug_rnglists
                0x00000d64       0x35 ./Drivers/STM32H7xx_HAL_Driver/Src/stm32h7xx_hal_i2c_ex.o
 .debug_rnglists
                0x00000d99      0x103 ./Drivers/STM32H7xx_HAL_Driver/Src/stm32h7xx_hal_pwr_ex.o
 .debug_rnglists
                0x00000e9c      0x101 ./Drivers/STM32H7xx_HAL_Driver/Src/stm32h7xx_hal_qspi.o
 .debug_rnglists
                0x00000f9d       0x68 ./Drivers/STM32H7xx_HAL_Driver/Src/stm32h7xx_hal_rcc.o
 .debug_rnglists
                0x00001005       0xc0 ./Drivers/STM32H7xx_HAL_Driver/Src/stm32h7xx_hal_rcc_ex.o
 .debug_rnglists
                0x000010c5      0x148 ./Drivers/STM32H7xx_HAL_Driver/Src/stm32h7xx_hal_spi.o
 .debug_rnglists
                0x0000120d      0x1fa ./Drivers/STM32H7xx_HAL_Driver/Src/stm32h7xx_hal_uart.o
 .debug_rnglists
                0x00001407       0x7f ./Drivers/STM32H7xx_HAL_Driver/Src/stm32h7xx_hal_uart_ex.o

.debug_macro    0x00000000    0x3d602
 .debug_macro   0x00000000      0x375 ./Core/Src/SolarTracker.o
 .debug_macro   0x00000375      0xaf6 ./Core/Src/SolarTracker.o
 .debug_macro   0x00000e6b      0x24a ./Core/Src/SolarTracker.o
 .debug_macro   0x000010b5       0x2e ./Core/Src/SolarTracker.o
 .debug_macro   0x000010e3       0x3b ./Core/Src/SolarTracker.o
 .debug_macro   0x0000111e       0x22 ./Core/Src/SolarTracker.o
 .debug_macro   0x00001140       0x8e ./Core/Src/SolarTracker.o
 .debug_macro   0x000011ce       0x51 ./Core/Src/SolarTracker.o
 .debug_macro   0x0000121f      0x103 ./Core/Src/SolarTracker.o
 .debug_macro   0x00001322       0x6a ./Core/Src/SolarTracker.o
 .debug_macro   0x0000138c      0x1df ./Core/Src/SolarTracker.o
 .debug_macro   0x0000156b       0x1c ./Core/Src/SolarTracker.o
 .debug_macro   0x00001587       0x22 ./Core/Src/SolarTracker.o
 .debug_macro   0x000015a9       0xfb ./Core/Src/SolarTracker.o
 .debug_macro   0x000016a4     0x1305 ./Core/Src/SolarTracker.o
 .debug_macro   0x000029a9      0x11f ./Core/Src/SolarTracker.o
 .debug_macro   0x00002ac8       0x27 ./Core/Src/SolarTracker.o
 .debug_macro   0x00002aef    0x25b9b ./Core/Src/SolarTracker.o
 .debug_macro   0x0002868a       0x6d ./Core/Src/SolarTracker.o
 .debug_macro   0x000286f7     0x3d79 ./Core/Src/SolarTracker.o
 .debug_macro   0x0002c470      0x190 ./Core/Src/SolarTracker.o
 .debug_macro   0x0002c600       0x61 ./Core/Src/SolarTracker.o
 .debug_macro   0x0002c661       0x29 ./Core/Src/SolarTracker.o
 .debug_macro   0x0002c68a       0x43 ./Core/Src/SolarTracker.o
 .debug_macro   0x0002c6cd       0x34 ./Core/Src/SolarTracker.o
 .debug_macro   0x0002c701      0x370 ./Core/Src/SolarTracker.o
 .debug_macro   0x0002ca71       0x16 ./Core/Src/SolarTracker.o
 .debug_macro   0x0002ca87       0x4a ./Core/Src/SolarTracker.o
 .debug_macro   0x0002cad1       0x34 ./Core/Src/SolarTracker.o
 .debug_macro   0x0002cb05       0x10 ./Core/Src/SolarTracker.o
 .debug_macro   0x0002cb15       0x58 ./Core/Src/SolarTracker.o
 .debug_macro   0x0002cb6d       0x8e ./Core/Src/SolarTracker.o
 .debug_macro   0x0002cbfb       0x1c ./Core/Src/SolarTracker.o
 .debug_macro   0x0002cc17      0x185 ./Core/Src/SolarTracker.o
 .debug_macro   0x0002cd9c      0x19b ./Core/Src/SolarTracker.o
 .debug_macro   0x0002cf37       0x5d ./Core/Src/SolarTracker.o
 .debug_macro   0x0002cf94     0x2382 ./Core/Src/SolarTracker.o
 .debug_macro   0x0002f316     0x102c ./Core/Src/SolarTracker.o
 .debug_macro   0x00030342      0x154 ./Core/Src/SolarTracker.o
 .debug_macro   0x00030496      0x114 ./Core/Src/SolarTracker.o
 .debug_macro   0x000305aa      0x3b6 ./Core/Src/SolarTracker.o
 .debug_macro   0x00030960       0xac ./Core/Src/SolarTracker.o
 .debug_macro   0x00030a0c      0x72d ./Core/Src/SolarTracker.o
 .debug_macro   0x00031139      0x228 ./Core/Src/SolarTracker.o
 .debug_macro   0x00031361       0x66 ./Core/Src/SolarTracker.o
 .debug_macro   0x000313c7      0x3bb ./Core/Src/SolarTracker.o
 .debug_macro   0x00031782      0x3e4 ./Core/Src/SolarTracker.o
 .debug_macro   0x00031b66      0x275 ./Core/Src/SolarTracker.o
 .debug_macro   0x00031ddb     0x1044 ./Core/Src/SolarTracker.o
 .debug_macro   0x00032e1f      0x6cc ./Core/Src/SolarTracker.o
 .debug_macro   0x000334eb      0x383 ./Core/Src/SolarTracker.o
 .debug_macro   0x0003386e      0xe42 ./Core/Src/SolarTracker.o
 .debug_macro   0x000346b0      0x3ca ./Core/Src/SolarTracker.o
 .debug_macro   0x00034a7a      0x408 ./Core/Src/SolarTracker.o
 .debug_macro   0x00034e82       0x51 ./Core/Src/SolarTracker.o
 .debug_macro   0x00034ed3       0x4a ./Core/Src/SolarTracker.o
 .debug_macro   0x00034f1d      0x22c ./Core/Src/SolarTracker.o
 .debug_macro   0x00035149       0x67 ./Core/Src/SolarTracker.o
 .debug_macro   0x000351b0       0xa5 ./Core/Src/SolarTracker.o
 .debug_macro   0x00035255      0x1c4 ./Core/Src/SolarTracker.o
 .debug_macro   0x00035419      0x25e ./Core/Src/SolarTracker.o
 .debug_macro   0x00035677       0x35 ./Core/Src/SolarTracker.o
 .debug_macro   0x000356ac       0x16 ./Core/Src/SolarTracker.o
 .debug_macro   0x000356c2      0x2ce ./Core/Src/SolarTracker.o
 .debug_macro   0x00035990      0x5e4 ./Core/Src/SolarTracker.o
 .debug_macro   0x00035f74       0xc1 ./Core/Src/SolarTracker.o
 .debug_macro   0x00036035      0x693 ./Core/Src/SolarTracker.o
 .debug_macro   0x000366c8       0xa6 ./Core/Src/SolarTracker.o
 .debug_macro   0x0003676e      0x5ac ./Core/Src/SolarTracker.o